001#FFFFFFFFFFFFFFFC
002#FFFFFFFFFFFFFFFC
003#FFFFFFFFFFFFFFFC
004#FFFFFFFFFFFFFFFC
005#FFFFFFFFFFFFFFFC
006#FFFFFFFFFFFFFFFC
007#FFFFFFFFFFFFFFFC
008#FFFFFFFFFFFFFFFC
001#80F37FF7AD9997FF
002#80717FF7AD9997FF
003#7E747FF7AD9997FF
004#7F847FF7AD9997FF
005#7EE07FF0C40A37FF
006#80D57FF0FD0A37FF
007#812C7FF0CC0A37FF
008#7D817FF0511997FF
001#80E87FF7AD9997FF
002#806C7FF7AD9997FF
003#7E867FF7AD9997FF
004#7F8A7FF7AD9997FF
005#7EED7FF0C40A37FF
006#80CB7FF0FD0A37FF
007#811E7FF0CC0A37FF
008#7D9F7FF0511997FF
001#80DD7FF7AD9997FF
002#80677FF7AD9997FF
003#7E987FF7AD9997FF
004#7F8F7FF7AD9997FF
005#7EFA7FF0C40A37FF
006#80C17FF0FD0A37FF
007#81117FF0CC0A37FF
008#7DBC7FF0511997FF
001#80D27FF7AD9997FF
002#80617FF7AD9997FF
003#7EAA7FF7AD9997FF
004#7F957FF7AD9997FF
005#7F077FF0C40A37FF
006#80B77FF0FD0A37FF
007#81037FF0CC0A37FF
008#7DD97FF0511997FF
001#80C77FF7AD9997FF
002#805C7FF7AD9997FF
003#7EBC7FF7AD9997FF
004#7F9B7FF7AD9997FF
005#7F147FF0C40A37FF
006#80AE7FF0FD0A37FF
007#80F57FF0CC0A37FF
008#7DF67FF0511997FF
001#80BC7FF7AD9997FF
002#80577FF7AD9997FF
003#7ECE7FF7AD9997FF
004#7FA07FF7AD9997FF
005#7F217FF0C40A37FF
006#80A47FF0FD0A37FF
007#80E77FF0CC0A37FF
008#7E137FF0511997FF
001#80B07FF7AD9997FF
002#80527FF7AD9997FF
003#7EE07FF7AD9997FF
004#7FA67FF7AD9997FF
005#7F2E7FF0C40A37FF
006#809A7FF0FD0A37FF
007#80DA7FF0CC0A37FF
008#7E307FF0511997FF
001#80A57FF7AD9997FF
002#804D7FF7AD9997FF
003#7EF27FF7AD9997FF
004#7FAB7FF7AD9997FF
005#7F3C7FF0C40A37FF
006#80907FF0FD0A37FF
007#80CC7FF0CC0A37FF
008#7E4D7FF0511997FF
001#809A7FF7AD9997FF
002#80477FF7AD9997FF
003#7F047FF7AD9997FF
004#7FB17FF7AD9997FF
005#7F497FF0C40A37FF
006#80877FF0FD0A37FF
007#80BE7FF0CC0A37FF
008#7E6A7FF0511997FF
001#808F7FF7AD9997FF
002#80427FF7AD9997FF
003#7F177FF7AD9997FF
004#7FB77FF7AD9997FF
005#7F567FF0C40A37FF
006#807D7FF0FD0A37FF
007#80B07FF0CC0A37FF
008#7E877FF0511997FF
001#80847FF7AD9997FF
002#803D7FF7AD9997FF
003#7F297FF7AD9997FF
004#7FBC7FF7AD9997FF
005#7F637FF0C40A37FF
006#80737FF0FD0A37FF
007#80A37FF0CC0A37FF
008#7EA57FF0511997FF
001#80797FF7AD9997FF
002#80387FF7AD9997FF
003#7F3B7FF7AD9997FF
004#7FC27FF7AD9997FF
005#7F707FF0C40A37FF
006#80697FF0FD0A37FF
007#80957FF0CC0A37FF
008#7EC27FF0511997FF
001#806D7FF7AD9997FF
002#80337FF7AD9997FF
003#7F4D7FF7AD9997FF
004#7FC77FF7AD9997FF
005#7F7D7FF0C40A37FF
006#80607FF0FD0A37FF
007#80877FF0CC0A37FF
008#7EDF7FF0511997FF
001#80627FF7AD9997FF
002#802D7FF7AD9997FF
003#7F5F7FF7AD9997FF
004#7FCD7FF7AD9997FF
005#7F8A7FF0C40A37FF
006#80567FF0FD0A37FF
007#80797FF0CC0A37FF
008#7EFC7FF0511997FF
001#80577FF7AD9997FF
002#80287FF7AD9997FF
003#7F717FF7AD9997FF
004#7FD37FF7AD9997FF
005#7F977FF0C40A37FF
006#804C7FF0FD0A37FF
007#806C7FF0CC0A37FF
008#7F197FF0511997FF
001#804C7FF7AD9997FF
002#80237FF7AD9997FF
003#7F837FF7AD9997FF
004#7FD87FF7AD9997FF
005#7FA57FF0C40A37FF
006#80427FF0FD0A37FF
007#805E7FF0CC0A37FF
008#7F367FF0511997FF
001#80417FF7AD9997FF
002#801E7FF7AD9997FF
003#7F957FF7AD9997FF
004#7FDE7FF7AD9997FF
005#7FB27FF0C40A37FF
006#80397FF0FD0A37FF
007#80507FF0CC0A37FF
008#7F537FF0511997FF
001#80367FF7AD9997FF
002#80197FF7AD9997FF
003#7FA77FF7AD9997FF
004#7FE37FF7AD9997FF
005#7FBF7FF0C40A37FF
006#802F7FF0FD0A37FF
007#80427FF0CC0A37FF
008#7F707FF0511997FF
001#802B7FF7AD9997FF
002#80137FF7AD9997FF
003#7FB97FF7AD9997FF
004#7FE97FF7AD9997FF
005#7FCC7FF0C40A37FF
006#80257FF0FD0A37FF
007#80357FF0CC0A37FF
008#7F8D7FF0511997FF
001#801F7FF7AD9997FF
002#800E7FF7AD9997FF
003#7FCB7FF7AD9997FF
004#7FEF7FF7AD9997FF
005#7FD97FF0C40A37FF
006#801B7FF0FD0A37FF
007#80277FF0CC0A37FF
008#7FAB7FF0511997FF
001#80147FF7AD9997FF
002#80097FF7AD9997FF
003#7FDD7FF7AD9997FF
004#7FF47FF7AD9997FF
005#7FE67FF0C40A37FF
006#80127FF0FD0A37FF
007#80197FF0CC0A37FF
008#7FC87FF0511997FF
001#80097FF7AD9997FF
002#80047FF7AD9997FF
003#7FEF7FF7AD9997FF
004#7FFA7FF7AD9997FF
005#7FF37FF0C40A37FF
006#80087FF0FD0A37FF
007#800B7FF0CC0A37FF
008#7FE57FF0511997FF
001#80037FA7AD9997FF
002#80057FE7AD9997FF
003#7FF18007AD9997FF
004#7FF88067AD9997FF
005#7FEF8000C40A37FF
006#80068000FD0A37FF
007#80087F50CC0A37FF
008#7FBC8010830A37FF
001#7FFE7FA7AD9997FF
002#80057FE7AD9997FF
003#7FF87FD7AD9997FF
004#7FF78077AD9997FF
005#7FED7FB0C40A37FF
006#80087FE0FD0A37FF
007#800F8020CC0A37FF
008#7FBB7FC0830A37FF
001#7FFF7FE7AD9997FF
002#80067FE7AD9997FF
003#7FF77FE7AD9997FF
004#7FF87FE7AD9997FF
005#7FED7FE0C40A37FF
006#80087FD0FD0A37FF
007#800F7FE0CC0A37FF
008#7FBB7FE0830A37FF
001#7FFF7FE7AD9997FF
002#80068007AD9997FF
003#7FF78007AD9997FF
004#7FF87FE7AD9997FF
005#7FED7FE0C40A37FF
006#80098000FD0A37FF
007#800F7FE0CC0A37FF
008#7FBB7FD0830A37FF
001#7FFF7FE7AD9997FF
002#80077FE7AD9997FF
003#7FF78007AD9997FF
004#7FF87FE7AD9997FF
005#7FED8000C40A37FF
006#80087FE0FD0A37FF
007#800F7FD0CC0A37FF
008#7FBB8000830A37FF
001#7FFF7FE7AD9997FF
002#80077FE7AD9997FF
003#7FF78007AD9997FF
004#7FF87FE7AD9997FF
005#7FED7FC0C40A37FF
006#80087FE0FD0A37FF
007#800F7FE0CC0A37FF
008#7FBB7FE0830A37FF
001#7FFF7FE7AD9997FF
002#80077FE7AD9997FF
003#7FF78007AD9997FF
004#7FF87FE7AD9997FF
005#7FED7FE0C40A37FF
006#80087FD0FD0A37FF
007#800F7FE0CC0A37FF
008#7FBB8000830A37FF
001#7FFF7FE7AD9997FF
002#80077FE7AD9997FF
003#7FF77FE7AD9997FF
004#7FF87FE7AD9997FF
005#7FED7FE0C40A37FF
006#80087FE0FD0A37FF
007#800F7FE0CC0A37FF
008#7FBB7FE0830A37FF
001#7FFF7FE7AD9997FF
002#80077FE7AD9997FF
003#7FF77FE7AD9997FF
004#7FF87FE7AD9997FF
005#7FED7FE0C40A37FF
006#80087FE0FD0A37FF
007#800F7FD0CC0A37FF
008#7FBB7FE0830A37FF
001#7FFF7FE7AD9997FF
002#80077FE7AD9997FF
003#7FF77FE7AD9997FF
004#7FF87FE7AD9997FF
005#7FED7FE0C40A37FF
006#80087FE0FD0A37FF
007#800F7FE0CC0A37FF
008#7FBB7FE0830A37FF
001#7FFF7FE7AD9997FF
002#80077FE7AD9997FF
003#7FF77FE7AD9997FF
004#7FF87FE7AD9997FF
005#7FED8000C40A37FF
006#80087FE0FD0A37FF
007#800F7FD0CC0A37FF
008#7FBB7FE0830A37FF
001#7FFF8007AD9997FF
002#80077FE7AD9997FF
003#7FF78007AD9997FF
004#7FF88007AD9997FF
005#7FED7FE0C40A37FF
006#80087FE0FD0A37FF
007#800F7FE0CC0A37FF
008#7FBB7FE0830A37FF
001#7FFF7FE7AD9997FF
002#80077FE7AD9997FF
003#7FF77FE7AD9997FF
004#7FF87FE7AD9997FF
005#7FED7FD0C40A37FF
006#80087FE0FD0A37FF
007#800F7FD0CC0A37FF
008#7FBB7FE0830A37FF
001#7FFF7FE7AD9997FF
002#80077FE7AD9997FF
003#7FF77FE7AD9997FF
004#7FF87FD7AD9997FF
005#7FED7FE0C40A37FF
006#80088000FD0A37FF
007#800F8000CC0A37FF
008#7FBB7FE0830A37FF
001#7FFF7FE7AD9997FF
002#80077FE7AD9997FF
003#7FF77FE7AD9997FF
004#7FF87FE7AD9997FF
005#7FED8000C40A37FF
006#80087FE0FD0A37FF
007#800F8000CC0A37FF
008#7FBB8000830A37FF
001#7FFF7FE7AD9997FF
002#80077FD7AD9997FF
003#7FF77FD7AD9997FF
004#7FF87FE7AD9997FF
005#7FED8000C40A37FF
006#80088000FD0A37FF
007#800F7FE0CC0A37FF
008#7FBB7FE0830A37FF
001#7FFF7FE7AD9997FF
002#80077FE7AD9997FF
003#7FF77FE7AD9997FF
004#7FF87FE7AD9997FF
005#7FED7FE0C40A37FF
006#80087FE0FD0A37FF
007#800F8000CC0A37FF
008#7FBB7FD0830A37FF
001#7FFF7FE7AD9997FF
002#80077FE7AD9997FF
003#7FF78007AD9997FF
004#7FF87FE7AD9997FF
005#7FED8000C40A37FF
006#80087FD0FD0A37FF
007#800F7FE0CC0A37FF
008#7FBB7FD0830A37FF
001#7FFF7FE7AD9997FF
002#80077FE7AD9997FF
003#7FF77FE7AD9997FF
004#7FF87FE7AD9997FF
005#7FED8000C40A37FF
006#80087FE0FD0A37FF
007#800F7FD0CC0A37FF
008#7FBB7FE0830A37FF
001#7FFF7FE7AD9997FF
002#80077FE7AD9997FF
003#7FF77FE7AD9997FF
004#7FF87FE7AD9997FF
005#7FED7FE0C40A37FF
006#80087FE0FD0A37FF
007#800F8000CC0A37FF
008#7FBB7FE0830A37FF
001#7FFF8007AD9997FF
002#80078007AD9997FF
003#7FF77FE7AD9997FF
004#7FF87FD7AD9997FF
005#7FED7FD0C40A37FF
006#80088010FD0A37FF
007#800F7FE0CC0A37FF
008#7FBB7FD0830A37FF
001#7FFF7FE7AD9997FF
002#80077FD7AD9997FF
003#7FF77FE7AD9997FF
004#7FF87FE7AD9997FF
005#7FED7FE0C40A37FF
006#80088000FD0A37FF
007#800F7FE0CC0A37FF
008#7FBB7FE0830A37FF
001#7FFF7FE7AD9997FF
002#80077FE7AD9997FF
003#7FF77FE7AD9997FF
004#7FF87FE7AD9997FF
005#7FED7FE0C40A37FF
006#80087FE0FD0A37FF
007#800F8000CC0A37FF
008#7FBB8000830A37FF
001#7FFF7FE7AD9997FF
002#80077FE7AD9997FF
003#7FF77FD7AD9997FF
004#7FF88007AD9997FF
005#7FED7FE0C40A37FF
006#80087FD0FD0A37FF
007#800F7FE0CC0A37FF
008#7FBB7FE0830A37FF
001#7FFF7FE7AD9997FF
002#80077FE7AD9997FF
003#7FF77FE7AD9997FF
004#7FF87FE7AD9997FF
005#7FED8000C40A37FF
006#80087FD0FD0A37FF
007#800F7FE0CC0A37FF
008#7FBB7FD0830A37FF
001#7FFF7FE7AD9997FF
002#80077FE7AD9997FF
003#7FF77FE7AD9997FF
004#7FF87FE7AD9997FF
005#7FED7FE0C40A37FF
006#80087FD0FD0A37FF
007#800F8000CC0A37FF
008#7FBB7FE0830A37FF
001#7FFF7FE7AD9997FF
002#80077FE7AD9997FF
003#7FF78007AD9997FF
004#7FF87FE7AD9997FF
005#7FED8000C40A37FF
006#80087FE0FD0A37FF
007#800F7FE0CC0A37FF
008#7FBB7FE0830A37FF
001#7FFF7FE7AD9997FF
002#80077FE7AD9997FF
003#7FF78007AD9997FF
004#7FF87FE7AD9997FF
005#7FED7FE0C40A37FF
006#80087FE0FD0A37FF
007#800F8000CC0A37FF
008#7FBB7FE0830A37FF
001#7FFF7FE7AD9997FF
002#80077FE7AD9997FF
003#7FF77FE7AD9997FF
004#7FF87FE7AD9997FF
005#7FED7FE0C40A37FF
006#80087FE0FD0A37FF
007#800F7FE0CC0A37FF
008#7FBB7FE0830A37FF
001#7FFF7FE7AD9997FF
002#80077FD7AD9997FF
003#7FF77FE7AD9997FF
004#7FF87FE7AD9997FF
005#7FED7FE0C40A37FF
006#80088000FD0A37FF
007#800F7FE0CC0A37FF
008#7FBB7FE0830A37FF
001#7FFF7FE7AD9997FF
002#80077FE7AD9997FF
003#7FF77FE7AD9997FF
004#7FF87FE7AD9997FF
005#7FED7FE0C40A37FF
006#80087FD0FD0A37FF
007#800F7FE0CC0A37FF
008#7FBB7FE0830A37FF
001#7FFF7FE7AD9997FF
002#80077FE7AD9997FF
003#7FF78007AD9997FF
004#7FF87FE7AD9997FF
005#7FED8000C40A37FF
006#80087FD0FD0A37FF
007#800F7FE0CC0A37FF
008#7FBB7FE0830A37FF
001#7FFF7FE7AD9997FF
002#80077FE7AD9997FF
003#7FF77FE7AD9997FF
004#7FF87FE7AD9997FF
005#7FED7FE0C40A37FF
006#80087FD0FD0A37FF
007#800F8000CC0A37FF
008#7FBB8000830A37FF
001#7FFF7FE7AD9997FF
002#80077FE7AD9997FF
003#7FF77FE7AD9997FF
004#7FF87FE7AD9997FF
005#7FED7FD0C40A37FF
006#80087FD0FD0A37FF
007#800F7FE0CC0A37FF
008#7FBB7FD0830A37FF
001#7FFF7FE7AD9997FF
002#80077FE7AD9997FF
003#7FF77FD7AD9997FF
004#7FF87FE7AD9997FF
005#7FED7FE0C40A37FF
006#80087FE0FD0A37FF
007#800F7FD0CC0A37FF
008#7FBB8000830A37FF
001#7FFF7FE7AD9997FF
002#80077FE7AD9997FF
003#7FF77FE7AD9997FF
004#7FF87FE7AD9997FF
005#7FED8000C40A37FF
006#80087FE0FD0A37FF
007#800F7FE0CC0A37FF
008#7FBB7FE0830A37FF
001#7FFF8007AD9997FF
002#80077FE7AD9997FF
003#7FF77FE7AD9997FF
004#7FF87FE7AD9997FF
005#7FED7FE0C40A37FF
006#80087FE0FD0A37FF
007#800F8000CC0A37FF
008#7FBB7FD0830A37FF
001#7FFF7FE7AD9997FF
002#80077FE7AD9997FF
003#7FF77FE7AD9997FF
004#7FF87FE7AD9997FF
005#7FED7FE0C40A37FF
006#80087FD0FD0A37FF
007#800F7FE0CC0A37FF
008#7FBB7FE0830A37FF
001#7FFF7FE7AD9997FF
002#80077FE7AD9997FF
003#7FF77FE7AD9997FF
004#7FF87FE7AD9997FF
005#7FED7FE0C40A37FF
006#80087FD0FD0A37FF
007#800F7FD0CC0A37FF
008#7FBB7FE0830A37FF
001#7FFF7FE7AD9997FF
002#80078007AD9997FF
003#7FF77FD7AD9997FF
004#7FF87FE7AD9997FF
005#7FED7FE0C40A37FF
006#80087FE0FD0A37FF
007#800F8000CC0A37FF
008#7FBB7FD0830A37FF
001#7FFF7FE7AD9997FF
002#80077FE7AD9997FF
003#7FF77FE7AD9997FF
004#7FF87FE7AD9997FF
005#7FED8000C40A37FF
006#80087FD0FD0A37FF
007#800F7FE0CC0A37FF
008#7FBB7FD0830A37FF
001#7FFF7FE7AD9997FF
002#80077FE7AD9997FF
003#7FF77FE7AD9997FF
004#7FF88007AD9997FF
005#7FED7FE0C40A37FF
006#80087FE0FD0A37FF
007#800F7FE0CC0A37FF
008#7FBB7FD0830A37FF
001#7FFF7FE7AD9997FF
002#80077FE7AD9997FF
003#7FF77FE7AD9997FF
004#7FF87FE7AD9997FF
005#7FED8000C40A37FF
006#80087FD0FD0A37FF
007#800F8000CC0A37FF
008#7FBB7FE0830A37FF
001#7FFF7FE7AD9997FF
002#80077FE7AD9997FF
003#7FF77FD7AD9997FF
004#7FF87FE7AD9997FF
005#7FED7FE0C40A37FF
006#80087FE0FD0A37FF
007#800F7FE0CC0A37FF
008#7FBB7FD0830A37FF
001#7FFF7FE7AD9997FF
002#80078007AD9997FF
003#7FF77FE7AD9997FF
004#7FF87FE7AD9997FF
005#7FED7FE0C40A37FF
006#80088000FD0A37FF
007#800F7FD0CC0A37FF
008#7FBB7FE0830A37FF
001#7FFF7FE7AD9997FF
002#80077FE7AD9997FF
003#7FF77FE7AD9997FF
004#7FF87FE7AD9997FF
005#7FED8000C40A37FF
006#80087FE0FD0A37FF
007#800F7FD0CC0A37FF
008#7FBB8000830A37FF
001#7FFF7FE7AD9997FF
002#80077FE7AD9997FF
003#7FF78007AD9997FF
004#7FF87FE7AD9997FF
005#7FED8000C40A37FF
006#80088000FD0A37FF
007#800F7FE0CC0A37FF
008#7FBB7FE0830A37FF
001#7FFF7FE7AD9997FF
002#80077FE7AD9997FF
003#7FF77FE7AD9997FF
004#7FF87FE7AD9997FF
005#7FED7FE0C40A37FF
006#80087FE0FD0A37FF
007#800F7FD0CC0A37FF
008#7FBB7FD0830A37FF
001#7FFF7FE7AD9997FF
002#80077FE7AD9997FF
003#7FF78007AD9997FF
004#7FF87FE7AD9997FF
005#7FED7FE0C40A37FF
006#80087FE0FD0A37FF
007#800F7FD0CC0A37FF
008#7FBB8000830A37FF
001#7FFF8007AD9997FF
002#80077FE7AD9997FF
003#7FF77FE7AD9997FF
004#7FF87FE7AD9997FF
005#7FED7FE0C40A37FF
006#80088000FD0A37FF
007#800F7FE0CC0A37FF
008#7FBB7FE0830A37FF
001#7FFF7FE7AD9997FF
002#80077FE7AD9997FF
003#7FF77FE7AD9997FF
004#7FF87FE7AD9997FF
005#7FED7FD0C40A37FF
006#80087FE0FD0A37FF
007#800F7FE0CC0A37FF
008#7FBB7FD0830A37FF
001#7FFF7FE7AD9997FF
002#80077FE7AD9997FF
003#7FF77FE7AD9997FF
004#7FF87FD7AD9997FF
005#7FED7FE0C40A37FF
006#80087FE0FD0A37FF
007#800F7FE0CC0A37FF
008#7FBB7FE0830A37FF
001#7FFF7FE7AD9997FF
002#80077FE7AD9997FF
003#7FF78007AD9997FF
004#7FF87FD7AD9997FF
005#7FED7FE0C40A37FF
006#80087FD0FD0A37FF
007#800F7FE0CC0A37FF
008#7FBB7FE0830A37FF
001#7FFF7FE7AD9997FF
002#80078007AD9997FF
003#7FF77FE7AD9997FF
004#7FF87FE7AD9997FF
005#7FED7FE0C40A37FF
006#80088000FD0A37FF
007#800F8000CC0A37FF
008#7FBB7FE0830A37FF
001#7FFF7FE7AD9997FF
002#80077FE7AD9997FF
003#7FF77FE7AD9997FF
004#7FF87FE7AD9997FF
005#7FED7FE0C40A37FF
006#80088000FD0A37FF
007#800F7FD0CC0A37FF
008#7FBB7FE0830A37FF
001#7FFF7FE7AD9997FF
002#80078007AD9997FF
003#7FF77FE7AD9997FF
004#7FF87FE7AD9997FF
005#7FED7FE0C40A37FF
006#80087FD0FD0A37FF
007#800F8000CC0A37FF
008#7FBA7FC0830A37FF
001#7FFF7FE7AD9997FF
002#80077FE7AD9997FF
003#7FF77FD7AD9997FF
004#7FF87FE7AD9997FF
005#7FED7FE0C40A37FF
006#80087FE0FD0A37FF
007#800F7FD0CC0A37FF
008#7FBB7FD0830A37FF
001#7FFF7FE7AD9997FF
002#80077FE7AD9997FF
003#7FF77FE7AD9997FF
004#7FF87FE7AD9997FF
005#7FED7FE0C40A37FF
006#80087FD0FD0A37FF
007#800F7FE0CC0A37FF
008#7FBB7FE0830A37FF
001#7FFF7FE7AD9997FF
002#80077FE7AD9997FF
003#7FF77FE7AD9997FF
004#7FF87FE7AD9997FF
005#7FED7FD0C40A37FF
006#80087FE0FD0A37FF
007#800F7FE0CC0A37FF
008#7FBB8000830A37FF
001#7FFF7FE7AD9997FF
002#80077FD7AD9997FF
003#7FF78007AD9997FF
004#7FF87FE7AD9997FF
005#7FED7FE0C40A37FF
006#80087FD0FD0A37FF
007#800F8000CC0A37FF
008#7FBB8000830A37FF
001#7FFF7FE7AD9997FF
002#80077FE7AD9997FF
003#7FF78007AD9997FF
004#7FF87FE7AD9997FF
005#7FED7FE0C40A37FF
006#80087FE0FD0A37FF
007#800F8000CC0A37FF
008#7FBB7FE0830A37FF
001#7FFF7FE7AD9997FF
002#80077FE7AD9997FF
003#7FF77FE7AD9997FF
004#7FF87FE7AD9997FF
005#7FED7FE0C40A37FF
006#80088000FD0A37FF
007#800F7FE0CC0A37FF
008#7FBB7FE0830A37FF
001#7FFF7FE7AD9997FF
002#80077FE7AD9997FF
003#7FF77FE7AD9997FF
004#7FF87FE7AD9997FF
005#7FED7FD0C40A37FF
006#80087FE0FD0A37FF
007#800F7FE0CC0A37FF
008#7FBB7FE0830A37FF
001#7FFF7FE7AD9997FF
002#80077FE7AD9997FF
003#7FF77FE7AD9997FF
004#7FF87FE7AD9997FF
005#7FED7FD0C40A37FF
006#80087FE0FD0A37FF
007#800F7FE0CC0A37FF
008#7FBB7FE0830A37FF
001#7FFF7FE7AD9997FF
002#80077FE7AD9997FF
003#7FF78007AD9997FF
004#7FF87FE7AD9997FF
005#7FED7FE0C40A37FF
006#80088000FD0A37FF
007#800F7FE0CC0A37FF
008#7FBB7FE0830A37FF
001#7FFF7FE7AD9997FF
002#80077FE7AD9997FF
003#7FF77FE7AD9997FF
004#7FF88007AD9997FF
005#7FED7FE0C40A37FF
006#80087FE0FD0A37FF
007#800F7FE0CC0A37FF
008#7FBB7FE0830A37FF
001#7FFF7FE7AD9997FF
002#80077FE7AD9997FF
003#7FF77FE7AD9997FF
004#7FF87FD7AD9997FF
005#7FED8000C40A37FF
006#80088000FD0A37FF
007#800F8000CC0A37FF
008#7FBB7FD0830A37FF
001#7FFF7FE7AD9997FF
002#80077FE7AD9997FF
003#7FF77FE7AD9997FF
004#7FF87FE7AD9997FF
005#7FED7FE0C40A37FF
006#80088000FD0A37FF
007#800F7FE0CC0A37FF
008#7FBB7FD0830A37FF
001#7FFF7FE7AD9997FF
002#80077FE7AD9997FF
003#7FF78007AD9997FF
004#7FF88007AD9997FF
005#7FED7FE0C40A37FF
006#80087FE0FD0A37FF
007#800F7FE0CC0A37FF
008#7FBB7FE0830A37FF
001#7FFF7FE7AD9997FF
002#80077FE7AD9997FF
003#7FF77FE7AD9997FF
004#7FF87FE7AD9997FF
005#7FED7FD0C40A37FF
006#80087FE0FD0A37FF
007#800F7FE0CC0A37FF
008#7FBB7FE0830A37FF
001#7FFF7FE7AD9997FF
002#80088007AD9997FF
003#7FF77FE7AD9997FF
004#7FF87FE7AD9997FF
005#7FED7FE0C40A37FF
006#80087FE0FD0A37FF
007#800F8000CC0A37FF
008#7FBB7FD0830A37FF
001#7FFF7FE7AD9997FF
002#80087FE7AD9997FF
003#7FF77FE7AD9997FF
004#7FF87FE7AD9997FF
005#7FED7FD0C40A37FF
006#80087FE0FD0A37FF
007#800F7FE0CC0A37FF
008#7FBB7FE0830A37FF
001#7FFF7FE7AD9997FF
002#80087FD7AD9997FF
003#7FF77FE7AD9997FF
004#7FF87FE7AD9997FF
005#7FED7FD0C40A37FF
006#80087FE0FD0A37FF
007#800F7FE0CC0A37FF
008#7FBB7FE0830A37FF
001#7FFF7FE7AD9997FF
002#80087FE7AD9997FF
003#7FF77FD7AD9997FF
004#7FF87FE7AD9997FF
005#7FED7FE0C40A37FF
006#80087FD0FD0A37FF
007#800F7FE0CC0A37FF
008#7FBB7FE0830A37FF
001#7FFF7FE7AD9997FF
002#80087FE7AD9997FF
003#7FF78007AD9997FF
004#7FF87FD7AD9997FF
005#7FED7FD0C40A37FF
006#80087FD0FD0A37FF
007#800F7FE0CC0A37FF
008#7FBB7FD0830A37FF
001#7FFF7FE7AD9997FF
002#80087FE7AD9997FF
003#7FF77FD7AD9997FF
004#7FF87FE7AD9997FF
005#7FED7FE0C40A37FF
006#80088000FD0A37FF
007#800F7FE0CC0A37FF
008#7FBB8000830A37FF
001#7FFF7FE7AD9997FF
002#80087FE7AD9997FF
003#7FF77FE7AD9997FF
004#7FF87FE7AD9997FF
005#7FED7FE0C40A37FF
006#80087FE0FD0A37FF
007#800F7FE0CC0A37FF
008#7FBB7FD0830A37FF
001#7FFF7FE7AD9997FF
002#80077FE7AD9997FF
003#7FF77FE7AD9997FF
004#7FF87FE7AD9997FF
005#7FED7FE0C40A37FF
006#80088000FD0A37FF
007#800F7FD0CC0A37FF
008#7FBB7FE0830A37FF
001#7FFF7FE7AD9997FF
002#80077FE7AD9997FF
003#7FF77FE7AD9997FF
004#7FF87FE7AD9997FF
005#7FED7FE0C40A37FF
006#80087FE0FD0A37FF
007#800F7FE0CC0A37FF
008#7FBB7FD0830A37FF
001#7FFF7FE7AD9997FF
002#80077FE7AD9997FF
003#7FF77FC7AD9997FF
004#7FF87FE7AD9997FF
005#7FED7FD0C40A37FF
006#80097FE0FD0A37FF
007#800F7FE0CC0A37FF
008#7FBB7FE0830A37FF
001#7FFF7FE7AD9997FF
002#80077FE7AD9997FF
003#7FF77FE7AD9997FF
004#7FF87FE7AD9997FF
005#7FED7FE0C40A37FF
006#80087FD0FD0A37FF
007#800F7FE0CC0A37FF
008#7FBB7FE0830A37FF
001#7FFF7FE7AD9997FF
002#80077FE7AD9997FF
003#7FF77FE7AD9997FF
004#7FF87FE7AD9997FF
005#7FED7FD0C40A37FF
006#80087FD0FD0A37FF
007#800F7FE0CC0A37FF
008#7FBB7FD0830A37FF
001#7FFF8007AD9997FF
002#80077FE7AD9997FF
003#7FF77FE7AD9997FF
004#7FF87FD7AD9997FF
005#7FED7FE0C40A37FF
006#80087FD0FD0A37FF
007#800F7FD0CC0A37FF
008#7FBB7FD0830A37FF
001#7FFF7FE7AD9997FF
002#80077FE7AD9997FF
003#7FF77FE7AD9997FF
004#7FF87FE7AD9997FF
005#7FED7FD0C40A37FF
006#80087FE0FD0A37FF
007#800F7FE0CC0A37FF
008#7FBB7FE0830A37FF
001#7FFF7FE7AD9997FF
002#80087FE7AD9997FF
003#7FF77FE7AD9997FF
004#7FF87FE7AD9997FF
005#7FED7FE0C40A37FF
006#80087FE0FD0A37FF
007#800F8000CC0A37FF
008#7FBB7FE0830A37FF
001#7FFF7FE7AD9997FF
002#80087FE7AD9997FF
003#7FF77FD7AD9997FF
004#7FF87FE7AD9997FF
005#7FED7FE0C40A37FF
006#80087FE0FD0A37FF
007#800F7FE0CC0A37FF
008#7FBB7FE0830A37FF
001#7FFF7FE7AD9997FF
002#80077FE7AD9997FF
003#7FF77FD7AD9997FF
004#7FF87FE7AD9997FF
005#7FED7FE0C40A37FF
006#80077FD0FD0A37FF
007#800F7FD0CC0A37FF
008#7FBB7FE0830A37FF
001#7FFF7FE7AD9997FF
002#80088007AD9997FF
003#7FF77FD7AD9997FF
004#7FF87FD7AD9997FF
005#7FED7FE0C40A37FF
006#80087FE0FD0A37FF
007#800F8000CC0A37FF
008#7FBB8000830A37FF
001#7FFF7FE7AD9997FF
002#80077FE7AD9997FF
003#7FF78007AD9997FF
004#7FF87FE7AD9997FF
005#7FED8000C40A37FF
006#80088000FD0A37FF
007#800F7FD0CC0A37FF
008#7FBB7FE0830A37FF
001#7FFF7FE7AD9997FF
002#80077FE7AD9997FF
003#7FF77FE7AD9997FF
004#7FF87FD7AD9997FF
005#7FED7FE0C40A37FF
006#80087FD0FD0A37FF
007#800F7FE0CC0A37FF
008#7FBB8000830A37FF
001#7FFF7FE7AD9997FF
002#80077FE7AD9997FF
003#7FF77FE7AD9997FF
004#7FF87FE7AD9997FF
005#7FED8000C40A37FF
006#80087FE0FD0A37FF
007#800F7FE0CC0A37FF
008#7FBB7FE0830A37FF
001#7FFF7FE7AD9997FF
002#80077FE7AD9997FF
003#7FF77FE7AD9997FF
004#7FF87FE7AD9997FF
005#7FED8000C40A37FF
006#80088000FD0A37FF
007#800F7FE0CC0A37FF
008#7FBB8000830A37FF
001#7FFF7FE7AD9997FF
002#80077FE7AD9997FF
003#7FF77FE7AD9997FF
004#7FF87FE7AD9997FF
005#7FED7FE0C40A37FF
006#80088000FD0A37FF
007#800F7FE0CC0A37FF
008#7FBB7FD0830A37FF
001#7FFF7FE7AD9997FF
002#80077FE7AD9997FF
003#7FF77FE7AD9997FF
004#7FF87FE7AD9997FF
005#7FED7FE0C40A37FF
006#80098020FD0A37FF
007#800F7FE0CC0A37FF
008#7FBB7FE0830A37FF
001#7FFF7FE7AD9997FF
002#80077FE7AD9997FF
003#7FF77FE7AD9997FF
004#7FF87FE7AD9997FF
005#7FED7FE0C40A37FF
006#80097FC0FD0A37FF
007#800F7FE0CC0A37FF
008#7FBB7FE0830A37FF
001#7FFF7FE7AD9997FF
002#80077FE7AD9997FF
003#7FF77FE7AD9997FF
004#7FF87FE7AD9997FF
005#7FED7FE0C40A37FF
006#80098000FD0A37FF
007#800F8000CC0A37FF
008#7FBB7FE0830A37FF
001#7FFF8007AD9997FF
002#80077FE7AD9997FF
003#7FF77FE7AD9997FF
004#7FF87FE7AD9997FF
005#7FED7FE0C40A37FF
006#80097FE0FD0A37FF
007#800F7FD0CC0A37FF
008#7FBB7FD0830A37FF
001#7FFF7FE7AD9997FF
002#80077FE7AD9997FF
003#7FF77FE7AD9997FF
004#7FF87FE7AD9997FF
005#7FED8000C40A37FF
006#80097FE0FD0A37FF
007#800F8000CC0A37FF
008#7FBB8000830A37FF
001#7FFF7FE7AD9997FF
002#80077FE7AD9997FF
003#7FF77FE7AD9997FF
004#7FF87FE7AD9997FF
005#7FED7FE0C40A37FF
006#80097FC0FD0A37FF
007#800F7FE0CC0A37FF
008#7FBB7FD0830A37FF
001#7FFF8007AD9997FF
002#80077FE7AD9997FF
003#7FF77FE7AD9997FF
004#7FF87FE7AD9997FF
005#7FED7FE0C40A37FF
006#80097FE0FD0A37FF
007#800F7FE0CC0A37FF
008#7FBB7FE0830A37FF
001#7FFF7FE7AD9997FF
002#80087FE7AD9997FF
003#7FF78007AD9997FF
004#7FF87FE7AD9997FF
005#7FED7FE0C40A37FF
006#80087FD0FD0A37FF
007#800F7FD0CC0A37FF
008#7FBB7FE0830A37FF
001#7FFF7FE7AD9997FF
002#80077FE7AD9997FF
003#7FF77FE7AD9997FF
004#7FF87FD7AD9997FF
005#7FED7FE0C40A37FF
006#80087FD0FD0A37FF
007#800F7FE0CC0A37FF
008#7FBB7FE0830A37FF
001#7FFF7FE7AD9997FF
002#80087FE7AD9997FF
003#7FF77FE7AD9997FF
004#7FF87FD7AD9997FF
005#7FED7FE0C40A37FF
006#80097FE0FD0A37FF
007#800F7FD0CC0A37FF
008#7FBB7FE0830A37FF
001#7FFF7FE7AD9997FF
002#80087FE7AD9997FF
003#7FF77FE7AD9997FF
004#7FF87FE7AD9997FF
005#7FED7FE0C40A37FF
006#80088000FD0A37FF
007#800F7FE0CC0A37FF
008#7FBB7FD0830A37FF
001#7FFF7FE7AD9997FF
002#80087FE7AD9997FF
003#7FF77FD7AD9997FF
004#7FF87FE7AD9997FF
005#7FED7FE0C40A37FF
006#80097FE0FD0A37FF
007#800F7FE0CC0A37FF
008#7FBB7FD0830A37FF
001#7FFF7FE7AD9997FF
002#80087FE7AD9997FF
003#7FF77FE7AD9997FF
004#7FF87FE7AD9997FF
005#7FED7FE0C40A37FF
006#80097FE0FD0A37FF
007#800F8000CC0A37FF
008#7FBB8000830A37FF
001#7FFF7FE7AD9997FF
002#80087FE7AD9997FF
003#7FF78007AD9997FF
004#7FF87FE7AD9997FF
005#7FED7FE0C40A37FF
006#80097FD0FD0A37FF
007#800F7FE0CC0A37FF
008#7FBB7FD0830A37FF
001#7FFF7FE7AD9997FF
002#80087FE7AD9997FF
003#7FF77FE7AD9997FF
004#7FF88007AD9997FF
005#7FED7FE0C40A37FF
006#80097FE0FD0A37FF
007#800F8000CC0A37FF
008#7FBB7FE0830A37FF
001#7FFF7FE7AD9997FF
002#80087FE7AD9997FF
003#7FF77FE7AD9997FF
004#7FF87FE7AD9997FF
005#7FED7FE0C40A37FF
006#80087FE0FD0A37FF
007#800F7FE0CC0A37FF
008#7FBB7FE0830A37FF
001#7FFF7FE7AD9997FF
002#80088007AD9997FF
003#7FF77FD7AD9997FF
004#7FF87FE7AD9997FF
005#7FED7FD0C40A37FF
006#80098000FD0A37FF
007#800F7FE0CC0A37FF
008#7FBB7FD0830A37FF
001#7FFF7FE7AD9997FF
002#80087FE7AD9997FF
003#7FF77FE7AD9997FF
004#7FF87FE7AD9997FF
005#7FED7FE0C40A37FF
006#80087FE0FD0A37FF
007#800F7FD0CC0A37FF
008#7FBB7FE0830A37FF
001#7FFF7FE7AD9997FF
002#80087FE7AD9997FF
003#7FF77FE7AD9997FF
004#7FF87FE7AD9997FF
005#7FED8000C40A37FF
006#80088000FD0A37FF
007#80117FE0CC0A37FF
008#7FBB7FE0830A37FF
001#7FFF7FE7AD9997FF
002#80087FE7AD9997FF
003#7FF77FE7AD9997FF
004#7FF87FE7AD9997FF
005#7FED7FD0C40A37FF
006#80097FE0FD0A37FF
007#800F7FE0CC0A37FF
008#7FBB7FE0830A37FF
001#7FFF7FE7AD9997FF
002#80087FE7AD9997FF
003#7FF77FE7AD9997FF
004#7FF87FE7AD9997FF
005#7FED7FE0C40A37FF
006#80097FE0FD0A37FF
007#800F7FE0CC0A37FF
008#7FBB8000830A37FF
001#7FFF7FE7AD9997FF
002#80087FE7AD9997FF
003#7FF77FE7AD9997FF
004#7FF88007AD9997FF
005#7FED7FE0C40A37FF
006#80087FE0FD0A37FF
007#800F8000CC0A37FF
008#7FBB8000830A37FF
001#7FFF7FE7AD9997FF
002#80087FE7AD9997FF
003#7FF77FE7AD9997FF
004#7FF87FD7AD9997FF
005#7FED7FE0C40A37FF
006#80088000FD0A37FF
007#800F7FC0CC0A37FF
008#7FBB8000830A37FF
001#7FFF7FE7AD9997FF
002#80087FE7AD9997FF
003#7FF77FE7AD9997FF
004#7FF87FE7AD9997FF
005#7FED7FE0C40A37FF
006#80098000FD0A37FF
007#800F8000CC0A37FF
008#7FBB7FE0830A37FF
001#7FFF7FE7AD9997FF
002#80087FE7AD9997FF
003#7FF77FE7AD9997FF
004#7FF87FD7AD9997FF
005#7FED7FE0C40A37FF
006#80087FD0FD0A37FF
007#800F7FD0CC0A37FF
008#7FBB7FD0830A37FF
001#7FFF7FE7AD9997FF
002#80077FD7AD9997FF
003#7FF77FE7AD9997FF
004#7FF87FE7AD9997FF
005#7FED7FE0C40A37FF
006#80087FE0FD0A37FF
007#80118000CC0A37FF
008#7FBB7FE0830A37FF
001#7FFF7FE7AD9997FF
002#80077FE7AD9997FF
003#7FF77FE7AD9997FF
004#7FF87FE7AD9997FF
005#7FED7FE0C40A37FF
006#80098000FD0A37FF
007#800F7FE0CC0A37FF
008#7FBB7FE0830A37FF
001#7FFF7FE7AD9997FF
002#80087FE7AD9997FF
003#7FF77FE7AD9997FF
004#7FF88007AD9997FF
005#7FED8000C40A37FF
006#80097FD0FD0A37FF
007#800F7FE0CC0A37FF
008#7FBB7FE0830A37FF
001#7FFF7FE7AD9997FF
002#80087FE7AD9997FF
003#7FF77FE7AD9997FF
004#7FF87FE7AD9997FF
005#7FED8000C40A37FF
006#80098000FD0A37FF
007#80117FE0CC0A37FF
008#7FBB7FE0830A37FF
001#7FFF7FE7AD9997FF
002#80087FE7AD9997FF
003#7FF77FE7AD9997FF
004#7FF87FD7AD9997FF
005#7FED8000C40A37FF
006#80087FE0FD0A37FF
007#800F8000CC0A37FF
008#7FBB7FE0830A37FF
001#7FFF7FE7AD9997FF
002#80087FE7AD9997FF
003#7FF77FE7AD9997FF
004#7FF87FE7AD9997FF
005#7FED7FD0C40A37FF
006#80097FE0FD0A37FF
007#80138030CC0A37FF
008#7FBB7FD0830A37FF
001#7FFF7FE7AD9997FF
002#80087FE7AD9997FF
003#7FF77FE7AD9997FF
004#7FF88007AD9997FF
005#7FED7FD0C40A37FF
006#80097FE0FD0A37FF
007#801B80D0CC0A37FF
008#7FBA7FD0830A37FF
001#7FFF7FE7AD9997FF
002#80087FE7AD9997FF
003#7FF78007AD9997FF
004#7FF87FE7AD9997FF
005#7FED7FE0C40A37FF
006#80087FE0FD0A37FF
007#802980F0CC0A37FF
008#7FBB7FE0830A37FF
001#7FFF7FE7AD9997FF
002#80087FE7AD9997FF
003#7FF78007AD9997FF
004#7FF87FE7AD9997FF
005#7FEB7FD0C40A37FF
006#80097FD0FD0A37FF
007#80328060CC0A37FF
008#7FBB8000830A37FF
001#7FFF7FD7AD9997FF
002#80098007AD9997FF
003#7FF77FE7AD9997FF
004#7FF87FE7AD9997FF
005#7FEB8000C40A37FF
006#80098010FD0A37FF
007#80408140CC0A37FF
008#7FBB8000830A37FF
001#7FFF8007AD9997FF
002#80087FE7AD9997FF
003#7FF77FE7AD9997FF
004#7FF88007AD9997FF
005#7FEB7FD0C40A37FF
006#80087FD0FD0A37FF
007#804C8130CC0A37FF
008#7FBA7FE0830A37FF
001#7FFF8007AD9997FF
002#80098007AD9997FF
003#7FF77FE7AD9997FF
004#7FF87FE7AD9997FF
005#7FEB7FE0C40A37FF
006#80087FD0FD0A37FF
007#80608160CC0A37FF
008#7FBA7FE0830A37FF
001#7FFF7FE7AD9997FF
002#80098007AD9997FF
003#7FF77FE7AD9997FF
004#7FF87FE7AD9997FF
005#7FEB7FE0C40A37FF
006#80088000FD0A37FF
007#80738150CC0A37FF
008#7FBA7FD0830A37FF
001#7FFF7FE7AD9997FF
002#800D8037AD9997FF
003#7FF77FE7AD9997FF
004#7FF88007AD9997FF
005#7FEB7FD0C40A37FF
006#80087FE0FD0A37FF
007#807E80D0CC0A37FF
008#7FBA7FD0830A37FF
001#7FFF7FD7AD9997FF
002#800F8007AD9997FF
003#7FF77FD7AD9997FF
004#7FFC8127AD9997FF
005#7FEB7FE0C40A37FF
006#80087FE0FD0A37FF
007#80828040CC0A37FF
008#7FBA7FD0830A37FF
001#7FFF7FE7AD9997FF
002#80118027AD9997FF
003#7FF77FD7AD9997FF
004#800281F7AD9997FF
005#7FEB7FE0C40A37FF
006#80087FE0FD0A37FF
007#80837FE0CC0A37FF
008#7FBA8000830A37FF
001#7FFF7FE7AD9997FF
002#80168037AD9997FF
003#7FF77FE7AD9997FF
004#800B8257AD9997FF
005#7FEB7FD0C40A37FF
006#80087FE0FD0A37FF
007#80837FE0CC0A37FF
008#7FBA7FD0830A37FF
001#7FFF7FE7AD9997FF
002#80178017AD9997FF
003#7FF77FE7AD9997FF
004#80178327AD9997FF
005#7FEB7FD0C40A37FF
006#80087FD0FD0A37FF
007#80858010CC0A37FF
008#7FBA7FD0830A37FF
001#7FFF7FE7AD9997FF
002#801C8037AD9997FF
003#7FF77FE7AD9997FF
004#802B84A7AD9997FF
005#7FE67F30C40A37FF
006#80077FC0FD0A37FF
007#80857FE0CC0A37FF
008#7FBA7FE0830A37FF
001#7FFF7FE7AD9997FF
002#80208067AD9997FF
003#7FF77FE7AD9997FF
004#80428637AD9997FF
005#7FD37DE0C40A37FF
006#80087FE0FD0A37FF
007#80857FE0CC0A37FF
008#7FBA8000830A37FF
001#7FFF7FE7AD9997FF
002#80278047AD9997FF
003#7FF77FE7AD9997FF
004#806087E7AD9997FF
005#7FB27CE0C40A37FF
006#80088000FD0A37FF
007#80857FE0CC0A37FF
008#7FBA7FE0830A37FF
001#7FFF7FE7AD9997FF
002#80308067AD9997FF
003#7FF77FE7AD9997FF
004#808789C7AD9997FF
005#7F877C30C40A37FF
006#80087FE0FD0A37FF
007#80857FE0CC0A37FF
008#7FBA7FE0830A37FF
001#7FFF7FE7AD9997FF
002#803A80A7AD9997FF
003#7FF77FE7AD9997FF
004#80B58B97AD9997FF
005#7F567BC0C40A37FF
006#80088000FD0A37FF
007#80857FD0CC0A37FF
008#7FBA7FD0830A37FF
001#7FFF7FE7AD9997FF
002#80448087AD9997FF
003#7FF77FC7AD9997FF
004#80F18DD7AD9997FF
005#7F1A7B80C40A37FF
006#80097FD0FD0A37FF
007#80857FC0CC0A37FF
008#7FBA7FE0830A37FF
001#7FFF8007AD9997FF
002#805180D7AD9997FF
003#7FF77FE7AD9997FF
004#812B8FD7AD9997FF
005#7EE47B70C40A37FF
006#80097FE0FD0A37FF
007#80837FE0CC0A37FF
008#7FBA8000830A37FF
001#7FFF7FE7AD9997FF
002#806080F7AD9997FF
003#7FF67FC7AD9997FF
004#817A9277AD9997FF
005#7EA17AC0C40A37FF
006#80087FE0FD0A37FF
007#80837FD0CC0A37FF
008#7FBA7FD0830A37FF
001#7FFF7FD7AD9997FF
002#806E80D7AD9997FF
003#7FF37E67AD9997FF
004#81C49497AD9997FF
005#7E687AD0C40A37FF
006#80098010FD0A37FF
007#80837FD0CC0A37FF
008#7FBA7FE0830A37FF
001#7FFF7FE7AD9997FF
002#80838137AD9997FF
003#7FE77D27AD9997FF
004#822A9707AD9997FF
005#7E267B30C40A37FF
006#80097FE0FD0A37FF
007#80807FA0CC0A37FF
008#7FBA8000830A37FF
001#7FFF7FD7AD9997FF
002#80998117AD9997FF
003#7FD87BD7AD9997FF
004#828E98E7AD9997FF
005#7DF27BD0C40A37FF
006#80098010FD0A37FF
007#807E7F60CC0A37FF
008#7FBA8000830A37FF
001#7FFF7FE7AD9997FF
002#80AC8127AD9997FF
003#7FC67AE7AD9997FF
004#82EE9A77AD9997FF
005#7DCE7D50C40A37FF
006#80097FE0FD0A37FF
007#80757F40CC0A37FF
008#7FBA7FE0830A37FF
001#7FFF8007AD9997FF
002#80C98127AD9997FF
003#7FAC7957AD9997FF
004#83679B47AD9997FF
005#7DB57E50C40A37FF
006#80097FE0FD0A37FF
007#80657EC0CC0A37FF
008#7FBA7FE0830A37FF
001#80008007AD9997FF
002#80E581B7AD9997FF
003#7F8C7837AD9997FF
004#83DC9C77AD9997FF
005#7DA87F40C40A37FF
006#80138100FD0A37FF
007#805C7ED0CC0A37FF
008#7FBA7FE0830A37FF
001#80038047AD9997FF
002#81048187AD9997FF
003#7F6976C7AD9997FF
004#84569DB7AD9997FF
005#7DA37FB0C40A37FF
006#801F8180FD0A37FF
007#80507F30CC0A37FF
008#7FBA7FD0830A37FF
001#80088017AD9997FF
002#812381C7AD9997FF
003#7F4475C7AD9997FF
004#84C29DA7AD9997FF
005#7DA58000C40A37FF
006#80358210FD0A37FF
007#80457E90CC0A37FF
008#7FBA7FE0830A37FF
001#800D8067AD9997FF
002#81498227AD9997FF
003#7F1A7527AD9997FF
004#853F9EF7AD9997FF
005#7DA58040C40A37FF
006#805982C0FD0A37FF
007#80357ED0CC0A37FF
008#7FBA7FD0830A37FF
001#80188087AD9997FF
002#81728237AD9997FF
003#7EE87407AD9997FF
004#85C19EB7AD9997FF
005#7DA68030C40A37FF
006#808283F0FD0A37FF
007#80297E40CC0A37FF
008#7FBB8000830A37FF
001#80298117AD9997FF
002#81998237AD9997FF
003#7EB77357AD9997FF
004#863B9E27AD9997FF
005#7DA88000C40A37FF
006#80B08390FD0A37FF
007#80137E30CC0A37FF
008#7FBB7FE0830A37FF
001#803980D7AD9997FF
002#81C78247AD9997FF
003#7E7A7227AD9997FF
004#86BB9C67AD9997FF
005#7DA88000C40A37FF
006#80E483D0FD0A37FF
007#7FF97DC0CC0A37FF
008#7FBA7FE0830A37FF
001#80518157AD9997FF
002#81F08267AD9997FF
003#7E3F7187AD9997FF
004#87309BD7AD9997FF
005#7DA87FE0C40A37FF
006#80FF8220FD0A37FF
007#7FE47E10CC0A37FF
008#7FBB8000830A37FF
001#80698167AD9997FF
002#82148237AD9997FF
003#7E0770A7AD9997FF
004#87929AA7AD9997FF
005#7DA87FE0C40A37FF
006#811C82D0FD0A37FF
007#7FD27E00CC0A37FF
008#7FBA7FD0830A37FF
001#808781A7AD9997FF
002#823F8257AD9997FF
003#7DC97057AD9997FF
004#87FE9977AD9997FF
005#7DA87FA0C40A37FF
006#81288090FD0A37FF
007#7FC27F00CC0A37FF
008#7FBA8000830A37FF
001#80A781A7AD9997FF
002#826D8237AD9997FF
003#7D7F6F77AD9997FF
004#886B9807AD9997FF
005#7DAB8010C40A37FF
006#81297FE0FD0A37FF
007#7FB47EB0CC0A37FF
008#7FBA8010830A37FF
001#80C881C7AD9997FF
002#82938227AD9997FF
003#7D426F27AD9997FF
004#88C196E7AD9997FF
005#7DB08010C40A37FF
006#81288000FD0A37FF
007#7FAD7F10CC0A37FF
008#7FBA7FE0830A37FF
001#80ED81F7AD9997FF
002#82C18237AD9997FF
003#7CF86F27AD9997FF
004#892595D7AD9997FF
005#7DB07FE0C40A37FF
006#81288030FD0A37FF
007#7FA97FD0CC0A37FF
008#7FBA7FE0830A37FF
001#811281F7AD9997FF
002#82E58227AD9997FF
003#7CB96ED7AD9997FF
004#897294E7AD9997FF
005#7DB07FD0C40A37FF
006#81298000FD0A37FF
007#7FAB7FE0CC0A37FF
008#7FBA7FE0830A37FF
001#813B8267AD9997FF
002#830F8217AD9997FF
003#7C6B6E87AD9997FF
004#89CE9457AD9997FF
005#7DB07FD0C40A37FF
006#812C8010FD0A37FF
007#7FAB8000CC0A37FF
008#7FBA7FE0830A37FF
001#81688237AD9997FF
002#833781D7AD9997FF
003#7C1D6E27AD9997FF
004#8A269317AD9997FF
005#7DB07FC0C40A37FF
006#81328090FD0A37FF
007#7FAB8010CC0A37FF
008#7FBA7FE0830A37FF
001#81918257AD9997FF
002#835B81A7AD9997FF
003#7BD86E17AD9997FF
004#8A6D92E7AD9997FF
005#7DB07FD0C40A37FF
006#813A80A0FD0A37FF
007#7FAC8020CC0A37FF
008#7FBA7FE0830A37FF
001#81BA8277AD9997FF
002#837B81F7AD9997FF
003#7B926E07AD9997FF
004#8AB892F7AD9997FF
005#7DB08000C40A37FF
006#81538230FD0A37FF
007#7FAB7FE0CC0A37FF
008#7FBA7FE0830A37FF
001#81E68277AD9997FF
002#839A81E7AD9997FF
003#7B516E87AD9997FF
004#8AFD9227AD9997FF
005#7DB08010C40A37FF
006#81658190FD0A37FF
007#7FAC7FE0CC0A37FF
008#7FBA8000830A37FF
001#82118247AD9997FF
002#83B88177AD9997FF
003#7B096E47AD9997FF
004#8B4791F7AD9997FF
005#7DBD8120C40A37FF
006#816F8050FD0A37FF
007#7FAC7FE0CC0A37FF
008#7FBA7FD0830A37FF
001#823A8237AD9997FF
002#83D58167AD9997FF
003#7AC06E27AD9997FF
004#8B9191D7AD9997FF
005#7DD98240C40A37FF
006#816B7F80FD0A37FF
007#7FAC7FE0CC0A37FF
008#7FBA7FE0830A37FF
001#82688267AD9997FF
002#83F38187AD9997FF
003#7A716EC7AD9997FF
004#8BDE9147AD9997FF
005#7DF081B0C40A37FF
006#816D7FD0FD0A37FF
007#7FAC7FE0CC0A37FF
008#7FBA8000830A37FF
001#828E8257AD9997FF
002#84098157AD9997FF
003#7A326EB7AD9997FF
004#8C1F9177AD9997FF
005#7E098260C40A37FF
006#816D8010FD0A37FF
007#7FAC8000CC0A37FF
008#7FBA7FE0830A37FF
001#82B78247AD9997FF
002#84228137AD9997FF
003#79EB6EA7AD9997FF
004#8C6590E7AD9997FF
005#7E2D82D0C40A37FF
006#816D7FC0FD0A37FF
007#7FAC7FE0CC0A37FF
008#7FBA7FD0830A37FF
001#82E08247AD9997FF
002#84378107AD9997FF
003#79A46EE7AD9997FF
004#8CAA90E7AD9997FF
005#7E4F82C0C40A37FF
006#816D8010FD0A37FF
007#7FAC7FE0CC0A37FF
008#7FB97FE0830A37FF
001#83068207AD9997FF
002#844D8117AD9997FF
003#795E6EA7AD9997FF
004#8CF09087AD9997FF
005#7E7282C0C40A37FF
006#816D8000FD0A37FF
007#7FAC7FD0CC0A37FF
008#7FB97FE0830A37FF
001#832F8237AD9997FF
002#846180D7AD9997FF
003#79116EB7AD9997FF
004#8D389017AD9997FF
005#7E9982F0C40A37FF
006#816D7FE0FD0A37FF
007#7FAD7FD0CC0A37FF
008#7FB97FE0830A37FF
001#835681E7AD9997FF
002#847180D7AD9997FF
003#78D36F17AD9997FF
004#8D728F87AD9997FF
005#7EBA82E0C40A37FF
006#816D7FE0FD0A37FF
007#7FAC7FD0CC0A37FF
008#7FB97FE0830A37FF
001#837D81E7AD9997FF
002#848480C7AD9997FF
003#78846EF7AD9997FF
004#8DB98F17AD9997FF
005#7EDE8290C40A37FF
006#816D7FE0FD0A37FF
007#7FAE8000CC0A37FF
008#7FB67FB0830A37FF
001#83A181F7AD9997FF
002#848B8077AD9997FF
003#78486F67AD9997FF
004#8DEC8E37AD9997FF
005#7EF68260C40A37FF
006#816D7FE0FD0A37FF
007#7FAD7FD0CC0A37FF
008#7FB07F70830A37FF
001#83C381F7AD9997FF
002#84938077AD9997FF
003#78007087AD9997FF
004#8E288CD7AD9997FF
005#7F0D8130C40A37FF
006#816D7FE0FD0A37FF
007#7FAC7FE0CC0A37FF
008#7FB07FD0830A37FF
001#83E281A7AD9997FF
002#84938007AD9997FF
003#77CA7117AD9997FF
004#8E558BF7AD9997FF
005#7F0D7FC0C40A37FF
006#816D8010FD0A37FF
007#7FAC8000CC0A37FF
008#7FB08000830A37FF
001#83FE8117AD9997FF
002#84947FE7AD9997FF
003#778E7157AD9997FF
004#8E828A97AD9997FF
005#7F0D7FB0C40A37FF
006#816D7FE0FD0A37FF
007#7FAC7FE0CC0A37FF
008#7FB07FE0830A37FF
001#84178177AD9997FF
002#84937FD7AD9997FF
003#77577297AD9997FF
004#8EAA89D7AD9997FF
005#7F0C7FE0C40A37FF
006#816D7FD0FD0A37FF
007#7FAC8000CC0A37FF
008#7FAE7FD0830A37FF
001#842C8117AD9997FF
002#84937FE7AD9997FF
003#77207317AD9997FF
004#8ED088D7AD9997FF
005#7F0D8000C40A37FF
006#816D7FE0FD0A37FF
007#7FAC8000CC0A37FF
008#7FAC7F70830A37FF
001#84428107AD9997FF
002#84927FE7AD9997FF
003#76E87347AD9997FF
004#8EF78897AD9997FF
005#7F0D7FE0C40A37FF
006#816D7FE0FD0A37FF
007#7FB18040CC0A37FF
008#7F997EA0830A37FF
001#845180D7AD9997FF
002#84927FE7AD9997FF
003#76B67397AD9997FF
004#8F1887B7AD9997FF
005#7F0D7FE0C40A37FF
006#816D8000FD0A37FF
007#7FB68090CC0A37FF
008#7F8C7E90830A37FF
001#846080C7AD9997FF
002#84927FE7AD9997FF
003#76857467AD9997FF
004#8F3787E7AD9997FF
005#7F0D7FE0C40A37FF
006#816D7FE0FD0A37FF
007#7FC18120CC0A37FF
008#7F657C40830A37FF
001#846E8087AD9997FF
002#84927FE7AD9997FF
003#765B7447AD9997FF
004#8F5386D7AD9997FF
005#7F0D7FD0C40A37FF
006#816D8000FD0A37FF
007#7FD281A0CC0A37FF
008#7F497DC0830A37FF
001#84798077AD9997FF
002#84927FD7AD9997FF
003#762C74E7AD9997FF
004#8F6E8667AD9997FF
005#7F0D7FE0C40A37FF
006#816D7FD0FD0A37FF
007#7FEB8220CC0A37FF
008#7F277CA0830A37FF
001#84808077AD9997FF
002#84927FE7AD9997FF
003#76037657AD9997FF
004#8F868607AD9997FF
005#7F0C7FD0C40A37FF
006#816D7FD0FD0A37FF
007#800181C0CC0A37FF
008#7F047D80830A37FF
001#84868037AD9997FF
002#84907FE7AD9997FF
003#75E07757AD9997FF
004#8F9F85C7AD9997FF
005#7F0C8000C40A37FF
006#816D8000FD0A37FF
007#801B81D0CC0A37FF
008#7EE47CD0830A37FF
001#84898007AD9997FF
002#84907FD7AD9997FF
003#75BE7777AD9997FF
004#8FB58597AD9997FF
005#7F0D7FD0C40A37FF
006#816D7FE0FD0A37FF
007#803381D0CC0A37FF
008#7ECB7E70830A37FF
001#848A7FE7AD9997FF
002#848F7FD7AD9997FF
003#759D7847AD9997FF
004#8FCE85B7AD9997FF
005#7F0C7FD0C40A37FF
006#816D7FD0FD0A37FF
007#804D8230CC0A37FF
008#7ECC7FD0830A37FF
001#848A7FE7AD9997FF
002#848E7FE7AD9997FF
003#757E7917AD9997FF
004#8FE68547AD9997FF
005#7F0C7FD0C40A37FF
006#816D7FE0FD0A37FF
007#806E8280CC0A37FF
008#7ECC8000830A37FF
001#848A7FE7AD9997FF
002#848F7FE7AD9997FF
003#75667957AD9997FF
004#8FF98517AD9997FF
005#7F0C8000C40A37FF
006#816D8000FD0A37FF
007#80898240CC0A37FF
008#7ECC8000830A37FF
001#848A7FE7AD9997FF
002#848F7FE7AD9997FF
003#754879C7AD9997FF
004#901084B7AD9997FF
005#7F0C7FD0C40A37FF
006#816D7FE0FD0A37FF
007#80A28190CC0A37FF
008#7ECC7FE0830A37FF
001#848A7FD7AD9997FF
002#848F7FE7AD9997FF
003#75327A67AD9997FF
004#90228437AD9997FF
005#7F0C8000C40A37FF
006#816D7FD0FD0A37FF
007#80B58170CC0A37FF
008#7ECC8000830A37FF
001#848A7FE7AD9997FF
002#848F7FE7AD9997FF
003#75207B57AD9997FF
004#902E8397AD9997FF
005#7F0C7FE0C40A37FF
006#816D8000FD0A37FF
007#80C48190CC0A37FF
008#7ECC7FE0830A37FF
001#848A7FE7AD9997FF
002#848E7FC7AD9997FF
003#750E7BD7AD9997FF
004#903C8327AD9997FF
005#7F0C7FE0C40A37FF
006#816D7FE0FD0A37FF
007#80DE8220CC0A37FF
008#7ECC7FE0830A37FF
001#848A7FE7AD9997FF
002#84897FB7AD9997FF
003#75017CB7AD9997FF
004#90488217AD9997FF
005#7F0C8000C40A37FF
006#816D7FE0FD0A37FF
007#80FF8280CC0A37FF
008#7ECC8010830A37FF
001#848A7FE7AD9997FF
002#84857FB7AD9997FF
003#74F67D97AD9997FF
004#904C80C7AD9997FF
005#7F0C7FE0C40A37FF
006#816B7FE0FD0A37FF
007#81198220CC0A37FF
008#7ECC7FE0830A37FF
001#848A7FE7AD9997FF
002#847F7FA7AD9997FF
003#74EF7E87AD9997FF
004#904C7FE7AD9997FF
005#7F0C7FE0C40A37FF
006#816B8000FD0A37FF
007#813C8280CC0A37FF
008#7ECC7FE0830A37FF
001#848A7FE7AD9997FF
002#847A7F77AD9997FF
003#74EC7F67AD9997FF
004#904C7FE7AD9997FF
005#7F0C7FE0C40A37FF
006#816B8000FD0A37FF
007#81548230CC0A37FF
008#7ECC7FE0830A37FF
001#848A7FE7AD9997FF
002#84797FC7AD9997FF
003#74E97F67AD9997FF
004#904C7FE7AD9997FF
005#7F0D8000C40A37FF
006#816B7FD0FD0A37FF
007#816B81B0CC0A37FF
008#7ECC7FE0830A37FF
001#848A7FE7AD9997FF
002#84757FB7AD9997FF
003#74E87F77AD9997FF
004#904C7FE7AD9997FF
005#7F0D7FE0C40A37FF
006#816B7FE0FD0A37FF
007#81878250CC0A37FF
008#7ECC8000830A37FF
001#848A7FE7AD9997FF
002#84757FE7AD9997FF
003#74E77FD7AD9997FF
004#904C7FE7AD9997FF
005#7F0D7FE0C40A37FF
006#816B7FD0FD0A37FF
007#819D81B0CC0A37FF
008#7ECC7FE0830A37FF
001#848A7FE7AD9997FF
002#84757FE7AD9997FF
003#74E77FE7AD9997FF
004#904C7FE7AD9997FF
005#7F0D7FE0C40A37FF
006#816B8000FD0A37FF
007#81B28190CC0A37FF
008#7ECC8000830A37FF
001#848A7FE7AD9997FF
002#84757FE7AD9997FF
003#74E77FE7AD9997FF
004#904C7FE7AD9997FF
005#7F0D7FE0C40A37FF
006#816B7FE0FD0A37FF
007#81C48140CC0A37FF
008#7ECC8000830A37FF
001#848A7FE7AD9997FF
002#84757FE7AD9997FF
003#74E77FE7AD9997FF
004#904C7FE7AD9997FF
005#7F0D8000C40A37FF
006#816B7FD0FD0A37FF
007#81CC8070CC0A37FF
008#7ECC8000830A37FF
001#848A7FE7AD9997FF
002#84757FE7AD9997FF
003#74E77FE7AD9997FF
004#904C7FE7AD9997FF
005#7F0D8010C40A37FF
006#816B8000FD0A37FF
007#81CC7FE0CC0A37FF
008#7ECC7FE0830A37FF
001#848A7FE7AD9997FF
002#84757FE7AD9997FF
003#74E77FE7AD9997FF
004#904C7FE7AD9997FF
005#7F0D7FE0C40A37FF
006#816B7FD0FD0A37FF
007#81CC7FE0CC0A37FF
008#7ECC7FD0830A37FF
001#848A7FE7AD9997FF
002#84757FE7AD9997FF
003#74E77FE7AD9997FF
004#904C8007AD9997FF
005#7F0D7FC0C40A37FF
006#816B7FE0FD0A37FF
007#81CC8000CC0A37FF
008#7ECC7FE0830A37FF
001#848A7FE7AD9997FF
002#84757FE7AD9997FF
003#74E77FE7AD9997FF
004#904C7FE7AD9997FF
005#7F0D7FC0C40A37FF
006#816B7FE0FD0A37FF
007#81CC7FE0CC0A37FF
008#7ECC7FE0830A37FF
001#848A7FE7AD9997FF
002#84757FE7AD9997FF
003#74E78007AD9997FF
004#904C7FE7AD9997FF
005#7F0D7FD0C40A37FF
006#816B8000FD0A37FF
007#81CC7FE0CC0A37FF
008#7ECC8000830A37FF
001#848A7FE7AD9997FF
002#84757FE7AD9997FF
003#74E77FD7AD9997FF
004#904C7FE7AD9997FF
005#7F0D7FD0C40A37FF
006#816B7FD0FD0A37FF
007#81CC8000CC0A37FF
008#7ECC7FE0830A37FF
001#848A7FE7AD9997FF
002#84757FE7AD9997FF
003#74E78007AD9997FF
004#904C7FD7AD9997FF
005#7F0D8000C40A37FF
006#816B7FD0FD0A37FF
007#81CC8000CC0A37FF
008#7ECC7FE0830A37FF
001#848A7FE7AD9997FF
002#84757FE7AD9997FF
003#74E78007AD9997FF
004#904C7FE7AD9997FF
005#7F0D7FE0C40A37FF
006#816B7FD0FD0A37FF
007#81CC8000CC0A37FF
008#7ECB7FE0830A37FF
001#848A8007AD9997FF
002#84757FE7AD9997FF
003#74E78007AD9997FF
004#904C7FE7AD9997FF
005#7F0D7FD0C40A37FF
006#816B7FE0FD0A37FF
007#81CE8020CC0A37FF
008#7ECC8010830A37FF
001#848A7FE7AD9997FF
002#84757FD7AD9997FF
003#74E77FE7AD9997FF
004#904C7FD7AD9997FF
005#7F0D7FE0C40A37FF
006#816B8000FD0A37FF
007#81D880E0CC0A37FF
008#7ECB8000830A37FF
001#848A7FE7AD9997FF
002#84757FE7AD9997FF
003#74E77FE7AD9997FF
004#904C7FE7AD9997FF
005#7F0D7FE0C40A37FF
006#816B7FE0FD0A37FF
007#81E380F0CC0A37FF
008#7ECB8000830A37FF
001#848A7FE7AD9997FF
002#84757FE7AD9997FF
003#74E77FE7AD9997FF
004#904C8007AD9997FF
005#7F0D7FE0C40A37FF
006#816B7FE0FD0A37FF
007#81F08120CC0A37FF
008#7ECB7FE0830A37FF
001#848A7FE7AD9997FF
002#84757FE7AD9997FF
003#74E77FE7AD9997FF
004#904C7FE7AD9997FF
005#7F0D7FD0C40A37FF
006#816B7FE0FD0A37FF
007#81FF8110CC0A37FF
008#7ECB7FE0830A37FF
001#848A7FE7AD9997FF
002#84757FE7AD9997FF
003#74E77FE7AD9997FF
004#904C7FE7AD9997FF
005#7F0C7FE0C40A37FF
006#816B7FE0FD0A37FF
007#82118170CC0A37FF
008#7ECB8000830A37FF
001#848A7FE7AD9997FF
002#84757FE7AD9997FF
003#74E77FE7AD9997FF
004#904C7FE7AD9997FF
005#7F0C7FE0C40A37FF
006#816B8000FD0A37FF
007#82208170CC0A37FF
008#7EC97FD0830A37FF
001#848A8007AD9997FF
002#84757FD7AD9997FF
003#74E77FE7AD9997FF
004#904C7FE7AD9997FF
005#7F0C7FE0C40A37FF
006#816A7FD0FD0A37FF
007#82328150CC0A37FF
008#7EC87FB0830A37FF
001#848A7FE7AD9997FF
002#84758007AD9997FF
003#74E77FE7AD9997FF
004#904C7FE7AD9997FF
005#7F0C7FE0C40A37FF
006#81687FB0FD0A37FF
007#824781A0CC0A37FF
008#7EBA7E60830A37FF
001#848A7FE7AD9997FF
002#84758007AD9997FF
003#74E77FD7AD9997FF
004#904C7FD7AD9997FF
005#7F0C7FE0C40A37FF
006#81637F20FD0A37FF
007#825B8190CC0A37FF
008#7E8A7AD0830A37FF
001#848A7FE7AD9997FF
002#84758007AD9997FF
003#74E78007AD9997FF
004#904C7FE7AD9997FF
005#7F0C7FD0C40A37FF
006#81567EE0FD0A37FF
007#826A8100CC0A37FF
008#7E3C78E0830A37FF
001#848A8007AD9997FF
002#84757FE7AD9997FF
003#74E78007AD9997FF
004#904C7FE7AD9997FF
005#7F0C7FD0C40A37FF
006#81567FE0FD0A37FF
007#826D8020CC0A37FF
008#7DD977B0830A37FF
001#848A7FE7AD9997FF
002#84757FE7AD9997FF
003#74E77FE7AD9997FF
004#904C7FE7AD9997FF
005#7F0C7FE0C40A37FF
006#81567FE0FD0A37FF
007#82728070CC0A37FF
008#7D6A76B0830A37FF
001#848A7FE7AD9997FF
002#84757FE7AD9997FF
003#74E77FE7AD9997FF
004#904C7FE7AD9997FF
005#7F0C7FE0C40A37FF
006#81567FE0FD0A37FF
007#82727FE0CC0A37FF
008#7CE77610830A37FF
001#848A7FE7AD9997FF
002#84757FE7AD9997FF
003#74E77FE7AD9997FF
004#904C7FE7AD9997FF
005#7F0B7FD0C40A37FF
006#81567FE0FD0A37FF
007#82727FD0CC0A37FF
008#7C7D7690830A37FF
001#848A7FE7AD9997FF
002#84757FE7AD9997FF
003#74E77FE7AD9997FF
004#904C7FE7AD9997FF
005#7F0B7FE0C40A37FF
006#81567FE0FD0A37FF
007#82727FD0CC0A37FF
008#7C1477B0830A37FF
001#848A7FE7AD9997FF
002#84767FE7AD9997FF
003#74E77FE7AD9997FF
004#904C7FE7AD9997FF
005#7F0B7FE0C40A37FF
006#81567FE0FD0A37FF
007#82727FD0CC0A37FF
008#7BC37A00830A37FF
001#848A7FE7AD9997FF
002#84767FE7AD9997FF
003#74E77FE7AD9997FF
004#904C8007AD9997FF
005#7F0B7FE0C40A37FF
006#81567FE0FD0A37FF
007#82727FE0CC0A37FF
008#7B8E7C70830A37FF
001#848A7FE7AD9997FF
002#84767FE7AD9997FF
003#74E88007AD9997FF
004#904C7FE7AD9997FF
005#7F0B8000C40A37FF
006#81567FD0FD0A37FF
007#82727FE0CC0A37FF
008#7B797E30830A37FF
001#848A7FE7AD9997FF
002#84767FE7AD9997FF
003#74E77FE7AD9997FF
004#904C7FE7AD9997FF
005#7F0B8000C40A37FF
006#81537F90FD0A37FF
007#82727FE0CC0A37FF
008#7B647E90830A37FF
001#848A7FE7AD9997FF
002#84767FE7AD9997FF
003#74E77FD7AD9997FF
004#904C7FE7AD9997FF
005#7F0B7FE0C40A37FF
006#814C7F70FD0A37FF
007#82748010CC0A37FF
008#7B658000830A37FF
001#848A7FE7AD9997FF
002#84757FE7AD9997FF
003#74E77FE7AD9997FF
004#904C7FE7AD9997FF
005#7F0B7FC0C40A37FF
006#81477F60FD0A37FF
007#82788090CC0A37FF
008#7B7181D0830A37FF
001#848A8007AD9997FF
002#84757FE7AD9997FF
003#74E78007AD9997FF
004#904C7FE7AD9997FF
005#7F087FA0C40A37FF
006#81447FC0FD0A37FF
007#828480D0CC0A37FF
008#7BD18A90830A37FF
001#848A7FE7AD9997FF
002#84758007AD9997FF
003#74E77FE7AD9997FF
004#904C7FE7AD9997FF
005#7EFE7EF0C40A37FF
006#81427FA0FD0A37FF
007#82877FD0CC0A37FF
008#7CEE98B0830A37FF
001#848A7FE7AD9997FF
002#84768007AD9997FF
003#74E77FE7AD9997FF
004#904C7FD7AD9997FF
005#7EF27F10C40A37FF
006#813B7F20FD0A37FF
007#82867FD0CC0A37FF
008#7E4CA160830A37FF
001#848A7FE7AD9997FF
002#84798027AD9997FF
003#74E87FE7AD9997FF
004#904C7FE7AD9997FF
005#7EED7F50C40A37FF
006#81397FE0FD0A37FF
007#82878020CC0A37FF
008#7FFFA2F0830A37FF
001#848A7FE7AD9997FF
002#847A7FE7AD9997FF
003#74E77FE7AD9997FF
004#904C7FE7AD9997FF
005#7EF981C0C40A37FF
006#81257DF0FD0A37FF
007#82948170CC0A37FF
008#800D7850830A37FF
001#84897FD7AD9997FF
002#847A7FE7AD9997FF
003#74E77FE7AD9997FF
004#904C8007AD9997FF
005#7EF07F50C40A37FF
006#81107E20FD0A37FF
007#829C8050CC0A37FF
008#7FED7FA0830A37FF
001#84897FE7AD9997FF
002#847A7FD7AD9997FF
003#74E77FE7AD9997FF
004#904C7FD7AD9997FF
005#7EEC7FB0C40A37FF
006#81087FB0FD0A37FF
007#82A780D0CC0A37FF
008#7FEF8010830A37FF
001#848A8017AD9997FF
002#847A7FE7AD9997FF
003#74E87FE7AD9997FF
004#904C7FE7AD9997FF
005#7EEC7FE0C40A37FF
006#81087FD0FD0A37FF
007#82B68130CC0A37FF
008#7FED7FD0830A37FF
001#848E8047AD9997FF
002#847B8007AD9997FF
003#74E87FE7AD9997FF
004#904C7FE7AD9997FF
005#7EEC8000C40A37FF
006#81087FD0FD0A37FF
007#82CC81E0CC0A37FF
008#7FED7FC0830A37FF
001#84928007AD9997FF
002#847D8017AD9997FF
003#74E87FE7AD9997FF
004#904C7FE7AD9997FF
005#7EEC7FD0C40A37FF
006#81098020FD0A37FF
007#82DF8130CC0A37FF
008#7FEB7F70830A37FF
001#84927FE7AD9997FF
002#847D7FD7AD9997FF
003#74E88007AD9997FF
004#904C7FE7AD9997FF
005#7EED8010C40A37FF
006#81087FC0FD0A37FF
007#82E68080CC0A37FF
008#7FD77D60830A37FF
001#84938017AD9997FF
002#847B7FD7AD9997FF
003#74E87FE7AD9997FF
004#904C7FE7AD9997FF
005#7EEC7FC0C40A37FF
006#81077FC0FD0A37FF
007#82E77FE0CC0A37FF
008#7F7B7690830A37FF
001#84978027AD9997FF
002#847B7FE7AD9997FF
003#74E87FE7AD9997FF
004#904C8007AD9997FF
005#7EEC7FE0C40A37FF
006#81047FA0FD0A37FF
007#82E77FD0CC0A37FF
008#7ECD7000830A37FF
001#84988007AD9997FF
002#847B8007AD9997FF
003#74E87FE7AD9997FF
004#904C8007AD9997FF
005#7EED8000C40A37FF
006#80FF7F70FD0A37FF
007#82E78000CC0A37FF
008#7DD86A70830A37FF
001#84987FE7AD9997FF
002#847B7FE7AD9997FF
003#74E88007AD9997FF
004#904C7FE7AD9997FF
005#7EED8000C40A37FF
006#80ED7DF0FD0A37FF
007#82E78000CC0A37FF
008#7CAA66B0830A37FF
001#84977FD7AD9997FF
002#847B7FE7AD9997FF
003#74E87FE7AD9997FF
004#904C8007AD9997FF
005#7EED7FE0C40A37FF
006#80C97CF0FD0A37FF
007#82E78000CC0A37FF
008#7B786790830A37FF
001#84977FE7AD9997FF
002#847A7FC7AD9997FF
003#74E87FE7AD9997FF
004#904C8007AD9997FF
005#7EED7FE0C40A37FF
006#80A97D80FD0A37FF
007#82EA8010CC0A37FF
008#7A796FE0830A37FF
001#84977FE7AD9997FF
002#847A7FE7AD9997FF
003#74E87FE7AD9997FF
004#904C7FE7AD9997FF
005#7EEE8020C40A37FF
006#808E7D90FD0A37FF
007#82EB7FE0CC0A37FF
008#7A057760830A37FF
001#84977FD7AD9997FF
002#847A7FE7AD9997FF
003#74E87FE7AD9997FF
004#904C7FE7AD9997FF
005#7EED7FE0C40A37FF
006#80777E30FD0A37FF
007#82EB7FD0CC0A37FF
008#79E37EC0830A37FF
001#84987FE7AD9997FF
002#847A7FE7AD9997FF
003#74E87FE7AD9997FF
004#904C7FE7AD9997FF
005#7EED7FC0C40A37FF
006#80607E40FD0A37FF
007#82EB8010CC0A37FF
008#79EB8080830A37FF
001#84987FE7AD9997FF
002#847A7FE7AD9997FF
003#74E87FE7AD9997FF
004#904C7FE7AD9997FF
005#7EEB7FB0C40A37FF
006#80527F70FD0A37FF
007#82F18010CC0A37FF
008#7A3186D0830A37FF
001#84988007AD9997FF
002#847A7FE7AD9997FF
003#74E87FE7AD9997FF
004#904C7FD7AD9997FF
005#7EDF7E60C40A37FF
006#80517FE0FD0A37FF
007#82F07FD0CC0A37FF
008#7AAD8D20830A37FF
001#84987FE7AD9997FF
002#847A7FE7AD9997FF
003#74E87FE7AD9997FF
004#904C7FD7AD9997FF
005#7EBC7CF0C40A37FF
006#80518000FD0A37FF
007#82F07FD0CC0A37FF
008#7BAC96B0830A37FF
001#84987FD7AD9997FF
002#847B7FE7AD9997FF
003#74E87FE7AD9997FF
004#904C7FE7AD9997FF
005#7E997CF0C40A37FF
006#80528040FD0A37FF
007#82EF7FD0CC0A37FF
008#7D0E9EE0830A37FF
001#84977FE7AD9997FF
002#847B7FD7AD9997FF
003#74E87FE7AD9997FF
004#904C7FE7AD9997FF
005#7E727C90C40A37FF
006#80598030FD0A37FF
007#82F08000CC0A37FF
008#7EB2A2B0830A37FF
001#84977FE7AD9997FF
002#847D7FE7AD9997FF
003#74E87FE7AD9997FF
004#904C7FD7AD9997FF
005#7E3A7BD0C40A37FF
006#80597FD0FD0A37FF
007#82EF7FE0CC0A37FF
008#80509710830A37FF
001#84977FE7AD9997FF
002#847B8007AD9997FF
003#74E87FE7AD9997FF
004#904C7FE7AD9997FF
005#7E2D7EF0C40A37FF
006#805B8000FD0A37FF
007#82F07FD0CC0A37FF
008#80037910830A37FF
001#84977FE7AD9997FF
002#847B7FD7AD9997FF
003#74E78007AD9997FF
004#904C8007AD9997FF
005#7E167E40C40A37FF
006#805B8000FD0A37FF
007#82F07FE0CC0A37FF
008#7FFF8050830A37FF
001#84977FE7AD9997FF
002#847B7FE7AD9997FF
003#74E77FE7AD9997FF
004#904C8007AD9997FF
005#7E077E90C40A37FF
006#805B8000FD0A37FF
007#82F08000CC0A37FF
008#7FFF7FE0830A37FF
001#84987FE7AD9997FF
002#847B7FE7AD9997FF
003#74E77FE7AD9997FF
004#904C7FE7AD9997FF
005#7E068010C40A37FF
006#805B7FD0FD0A37FF
007#82F08000CC0A37FF
008#7FFD7F90830A37FF
001#84987FE7AD9997FF
002#847B7FE7AD9997FF
003#74E77FE7AD9997FF
004#904C7FE7AD9997FF
005#7E077FE0C40A37FF
006#80597FB0FD0A37FF
007#82F07FD0CC0A37FF
008#7FE67D00830A37FF
001#84987FE7AD9997FF
002#847B7FE7AD9997FF
003#74E87FE7AD9997FF
004#904C7FE7AD9997FF
005#7E077FE0C40A37FF
006#80597FD0FD0A37FF
007#82F07FE0CC0A37FF
008#7F8C7750830A37FF
001#84987FE7AD9997FF
002#847B8007AD9997FF
003#74E87FE7AD9997FF
004#904C7FE7AD9997FF
005#7E078000C40A37FF
006#80597FE0FD0A37FF
007#82F07FD0CC0A37FF
008#7EFC7180830A37FF
001#84987FE7AD9997FF
002#847B7FE7AD9997FF
003#74E87FE7AD9997FF
004#904C7FE7AD9997FF
005#7E077FE0C40A37FF
006#80597FE0FD0A37FF
007#82F07FE0CC0A37FF
008#7DF46A90830A37FF
001#84977FE7AD9997FF
002#847B8007AD9997FF
003#74E87FE7AD9997FF
004#904C7FE7AD9997FF
005#7E098020C40A37FF
006#80597FD0FD0A37FF
007#82F08000CC0A37FF
008#7CC26540830A37FF
001#84977FE7AD9997FF
002#847B7FD7AD9997FF
003#74E77FD7AD9997FF
004#904C8007AD9997FF
005#7E0C8040C40A37FF
006#80597FD0FD0A37FF
007#82F07FE0CC0A37FF
008#7B956560830A37FF
001#84977FE7AD9997FF
002#847A7FD7AD9997FF
003#74E87FE7AD9997FF
004#904C7FE7AD9997FF
005#7E138040C40A37FF
006#80577FD0FD0A37FF
007#82F08010CC0A37FF
008#7A876CF0830A37FF
001#84977FE7AD9997FF
002#847A7FD7AD9997FF
003#74E87FE7AD9997FF
004#904C8007AD9997FF
005#7E168010C40A37FF
006#80577FE0FD0A37FF
007#82F08000CC0A37FF
008#79FB76A0830A37FF
001#84977FE7AD9997FF
002#847A7FD7AD9997FF
003#74E77FE7AD9997FF
004#904C7FE7AD9997FF
005#7E147FD0C40A37FF
006#80577FE0FD0A37FF
007#82F07FE0CC0A37FF
008#79D47E50830A37FF
001#84977FE7AD9997FF
002#847A7FE7AD9997FF
003#74E77FE7AD9997FF
004#904C7FE7AD9997FF
005#7E137FB0C40A37FF
006#80577FD0FD0A37FF
007#82F07FD0CC0A37FF
008#79D37FE0830A37FF
001#84978007AD9997FF
002#847A8007AD9997FF
003#74E87FE7AD9997FF
004#904C7FE7AD9997FF
005#7E118000C40A37FF
006#80557FE0FD0A37FF
007#82F07FD0CC0A37FF
008#79D47FE0830A37FF
001#84987FE7AD9997FF
002#847B8007AD9997FF
003#74E88007AD9997FF
004#904C7FE7AD9997FF
005#7E117FD0C40A37FF
006#80557FE0FD0A37FF
007#82F07FD0CC0A37FF
008#79D47FE0830A37FF
001#84977FE7AD9997FF
002#847B7FE7AD9997FF
003#74E87FE7AD9997FF
004#904C7FE7AD9997FF
005#7E117FD0C40A37FF
006#80557FD0FD0A37FF
007#82F07FE0CC0A37FF
008#79D48010830A37FF
001#84977FE7AD9997FF
002#847B7FE7AD9997FF
003#74E88007AD9997FF
004#904C7FE7AD9997FF
005#7E117FE0C40A37FF
006#80578000FD0A37FF
007#82F07FE0CC0A37FF
008#79EB8380830A37FF
001#84977FD7AD9997FF
002#847B7FE7AD9997FF
003#74E87FE7AD9997FF
004#904C7FE7AD9997FF
005#7E117FE0C40A37FF
006#80598020FD0A37FF
007#82EE7FB0CC0A37FF
008#7A6C8D40830A37FF
001#84957FD7AD9997FF
002#847B7FE7AD9997FF
003#74E77FE7AD9997FF
004#904C7FE7AD9997FF
005#7E117FC0C40A37FF
006#80598000FD0A37FF
007#82EC7FB0CC0A37FF
008#7B819A40830A37FF
001#84957FE7AD9997FF
002#847B7FE7AD9997FF
003#74E77FE7AD9997FF
004#904C7FE7AD9997FF
005#7E0A7F30C40A37FF
006#80597FE0FD0A37FF
007#82E57F50CC0A37FF
008#7D60A5A0830A37FF
001#84988027AD9997FF
002#847B8007AD9997FF
003#74E77FE7AD9997FF
004#904C7FE7AD9997FF
005#7DF27DD0C40A37FF
006#805C8060FD0A37FF
007#82E17F70CC0A37FF
008#7F2DA470830A37FF
001#84987FE7AD9997FF
002#847B7FD7AD9997FF
003#74E77FE7AD9997FF
004#904C7FE7AD9997FF
005#7DD97D60C40A37FF
006#806E8140FD0A37FF
007#82DB7FA0CC0A37FF
008#805290D0830A37FF
001#84987FE7AD9997FF
002#847A7FE7AD9997FF
003#74E87FE7AD9997FF
004#904C7FE7AD9997FF
005#7DCF7E70C40A37FF
006#80727FE0FD0A37FF
007#82DB7FB0CC0A37FF
008#7FF579E0830A37FF
001#84977FD7AD9997FF
002#847A7FE7AD9997FF
003#74E87FE7AD9997FF
004#904C7FE7AD9997FF
005#7DBA7E90C40A37FF
006#80728040FD0A37FF
007#82DD8000CC0A37FF
008#7FED7FB0830A37FF
001#84957FD7AD9997FF
002#847A7FE7AD9997FF
003#74E77FD7AD9997FF
004#904C7FE7AD9997FF
005#7DBA8050C40A37FF
006#807C80D0FD0A37FF
007#82DD7FE0CC0A37FF
008#7FE77F60830A37FF
001#84957FE7AD9997FF
002#847A7FE7AD9997FF
003#74E77FE7AD9997FF
004#904C7FE7AD9997FF
005#7DBA7FE0C40A37FF
006#808E8160FD0A37FF
007#82DD7FD0CC0A37FF
008#7FB97A70830A37FF
001#84977FE7AD9997FF
002#847A8007AD9997FF
003#74E77FE7AD9997FF
004#904C7FE7AD9997FF
005#7DBA7FD0C40A37FF
006#809980B0FD0A37FF
007#82DC7FC0CC0A37FF
008#7F487420830A37FF
001#84957FE7AD9997FF
002#847B7FE7AD9997FF
003#74E77FE7AD9997FF
004#904C7FE7AD9997FF
005#7DBA7FE0C40A37FF
006#809C7FD0FD0A37FF
007#82DC8000CC0A37FF
008#7E786DB0830A37FF
001#84957FE7AD9997FF
002#847B7FE7AD9997FF
003#74E77FE7AD9997FF
004#904C7FE7AD9997FF
005#7DBA7FE0C40A37FF
006#809B7FE0FD0A37FF
007#82DC7FE0CC0A37FF
008#7D6C6910830A37FF
001#84957FE7AD9997FF
002#847B7FE7AD9997FF
003#74E77FE7AD9997FF
004#904C8007AD9997FF
005#7DBA7FE0C40A37FF
006#809C7FE0FD0A37FF
007#82DC7FE0CC0A37FF
008#7C4067B0830A37FF
001#84957FE7AD9997FF
002#847B7FD7AD9997FF
003#74E78007AD9997FF
004#904C7FE7AD9997FF
005#7DBA7FE0C40A37FF
006#809B7FD0FD0A37FF
007#82DF8030CC0A37FF
008#7B3C6CB0830A37FF
001#84957FE7AD9997FF
002#847A7FD7AD9997FF
003#74E77FE7AD9997FF
004#904C7FE7AD9997FF
005#7DBA8010C40A37FF
006#80997FC0FD0A37FF
007#82E08020CC0A37FF
008#7A957430830A37FF
001#84957FE7AD9997FF
002#847A7FE7AD9997FF
003#74E77FE7AD9997FF
004#904C7FE7AD9997FF
005#7DBC7FE0C40A37FF
006#80997FE0FD0A37FF
007#82E980A0CC0A37FF
008#7A507CF0830A37FF
001#84958007AD9997FF
002#847A7FE7AD9997FF
003#74E77FE7AD9997FF
004#904C7FD7AD9997FF
005#7DBC7FE0C40A37FF
006#80997FE0FD0A37FF
007#82F080B0CC0A37FF
008#7A538030830A37FF
001#84957FE7AD9997FF
002#847A7FE7AD9997FF
003#74E78007AD9997FF
004#904C7FE7AD9997FF
005#7DBC7FE0C40A37FF
006#80997FB0FD0A37FF
007#82F17FD0CC0A37FF
008#7A538000830A37FF
001#84977FE7AD9997FF
002#847A8007AD9997FF
003#74E87FE7AD9997FF
004#904C8007AD9997FF
005#7DBA7FE0C40A37FF
006#80927F70FD0A37FF
007#82F17FD0CC0A37FF
008#7A537FE0830A37FF
001#84957FE7AD9997FF
002#847A7FD7AD9997FF
003#74E77FE7AD9997FF
004#904C8007AD9997FF
005#7DBA7FD0C40A37FF
006#80928000FD0A37FF
007#82F07FE0CC0A37FF
008#7A5F81C0830A37FF
001#84977FE7AD9997FF
002#847A8007AD9997FF
003#74E77FE7AD9997FF
004#904C7FE7AD9997FF
005#7DB87F80C40A37FF
006#80938000FD0A37FF
007#82F07FD0CC0A37FF
008#7AA78800830A37FF
001#84957FE7AD9997FF
002#847B8007AD9997FF
003#74E77FE7AD9997FF
004#904C7FE7AD9997FF
005#7DB88000C40A37FF
006#80957FE0FD0A37FF
007#82EF7FD0CC0A37FF
008#7B679330830A37FF
001#84957FD7AD9997FF
002#847B8007AD9997FF
003#74E77FE7AD9997FF
004#904C7FE7AD9997FF
005#7DB87FE0C40A37FF
006#80958000FD0A37FF
007#82E97F20CC0A37FF
008#7CEEA020830A37FF
001#84958007AD9997FF
002#847B7FE7AD9997FF
003#74E78007AD9997FF
004#904C8007AD9997FF
005#7DB47F40C40A37FF
006#809E8120FD0A37FF
007#82E27F80CC0A37FF
008#7E77A2F0830A37FF
001#84988017AD9997FF
002#847B7FE7AD9997FF
003#74E88007AD9997FF
004#904C7FE7AD9997FF
005#7DA87F10C40A37FF
006#80C783B0FD0A37FF
007#82D67EF0CC0A37FF
008#80179C60830A37FF
001#84997FE7AD9997FF
002#847A8007AD9997FF
003#74E87FE7AD9997FF
004#904C7FE7AD9997FF
005#7DA67F80C40A37FF
006#80EE8240FD0A37FF
007#82D57F90CC0A37FF
008#7FFF7970830A37FF
001#84987FC7AD9997FF
002#847A7FE7AD9997FF
003#74E87FE7AD9997FF
004#904C7FD7AD9997FF
005#7D997EC0C40A37FF
006#80FA80C0FD0A37FF
007#82D68050CC0A37FF
008#7FEF7FB0830A37FF
001#84947FC7AD9997FF
002#847A7FE7AD9997FF
003#74E77FD7AD9997FF
004#904C7FE7AD9997FF
005#7D9B8010C40A37FF
006#81078120FD0A37FF
007#82D67FE0CC0A37FF
008#7FEF7FE0830A37FF
001#84907FA7AD9997FF
002#847A8007AD9997FF
003#74E77FE7AD9997FF
004#904C7FE7AD9997FF
005#7D9D8010C40A37FF
006#811C81C0FD0A37FF
007#82D67FE0CC0A37FF
008#7FED7F90830A37FF
001#84907FE7AD9997FF
002#847B8007AD9997FF
003#74E77FE7AD9997FF
004#904C7FE7AD9997FF
005#7D9E7FE0C40A37FF
006#81228010FD0A37FF
007#82D67FB0CC0A37FF
008#7FE77F40830A37FF
001#848F7FD7AD9997FF
002#847B7FE7AD9997FF
003#74E77FE7AD9997FF
004#904B7FD7AD9997FF
005#7D9E8000C40A37FF
006#81248020FD0A37FF
007#82D57FC0CC0A37FF
008#7FC47C20830A37FF
001#848F7FE7AD9997FF
002#847B7FE7AD9997FF
003#74E77FE7AD9997FF
004#904B7FE7AD9997FF
005#7D9E7FE0C40A37FF
006#81247FE0FD0A37FF
007#82D47FE0CC0A37FF
008#7F607780830A37FF
001#84907FE7AD9997FF
002#847B7FE7AD9997FF
003#74E78007AD9997FF
004#904B7FE7AD9997FF
005#7D9E8000C40A37FF
006#81237FC0FD0A37FF
007#82D57FE0CC0A37FF
008#7EE87590830A37FF
001#84908007AD9997FF
002#847A7FE7AD9997FF
003#74E77FE7AD9997FF
004#904B7FE7AD9997FF
005#7DA08020C40A37FF
006#811C7F60FD0A37FF
007#82D58000CC0A37FF
008#7E5E74B0830A37FF
001#84907FE7AD9997FF
002#847A7FE7AD9997FF
003#74E77FE7AD9997FF
004#904B7FE7AD9997FF
005#7DA580D0C40A37FF
006#811C7FE0FD0A37FF
007#82D68010CC0A37FF
008#7DDB7420830A37FF
001#84907FE7AD9997FF
002#847A7FE7AD9997FF
003#74E77FE7AD9997FF
004#904B7FE7AD9997FF
005#7DB28100C40A37FF
006#811C7FE0FD0A37FF
007#82DA8050CC0A37FF
008#7D4C74C0830A37FF
001#84907FE7AD9997FF
002#847A7FE7AD9997FF
003#74E77FE7AD9997FF
004#904B7FE7AD9997FF
005#7DC28150C40A37FF
006#811C7FD0FD0A37FF
007#82DD7FE0CC0A37FF
008#7CCD7760830A37FF
001#84907FE7AD9997FF
002#847A7FE7AD9997FF
003#74E77FE7AD9997FF
004#904B7FE7AD9997FF
005#7DD38180C40A37FF
006#811C7FE0FD0A37FF
007#82DC7FD0CC0A37FF
008#7C897A70830A37FF
001#84908007AD9997FF
002#847A7FE7AD9997FF
003#74E77FD7AD9997FF
004#904B8007AD9997FF
005#7DE88140C40A37FF
006#811C7FE0FD0A37FF
007#82DC7FE0CC0A37FF
008#7C6C7E80830A37FF
001#84907FE7AD9997FF
002#847A7FE7AD9997FF
003#74E77FE7AD9997FF
004#904B7FE7AD9997FF
005#7DF58100C40A37FF
006#811B7FE0FD0A37FF
007#82DC8000CC0A37FF
008#7C6E7FD0830A37FF
001#84907FE7AD9997FF
002#847A7FD7AD9997FF
003#74E78007AD9997FF
004#904B7FE7AD9997FF
005#7DF57FC0C40A37FF
006#811B7FE0FD0A37FF
007#82DC8000CC0A37FF
008#7C6F7FE0830A37FF
001#84907FE7AD9997FF
002#847A7FE7AD9997FF
003#74E77FE7AD9997FF
004#904B7FE7AD9997FF
005#7DF57FE0C40A37FF
006#811B7FE0FD0A37FF
007#82DC8000CC0A37FF
008#7C6F8000830A37FF
001#84907FE7AD9997FF
002#847A7FE7AD9997FF
003#74E77FE7AD9997FF
004#904B7FE7AD9997FF
005#7DF57FE0C40A37FF
006#811B7FE0FD0A37FF
007#82DC7FE0CC0A37FF
008#7C708020830A37FF
001#84907FE7AD9997FF
002#847A7FD7AD9997FF
003#74E77FD7AD9997FF
004#904B7FD7AD9997FF
005#7DF57FE0C40A37FF
006#811B7FE0FD0A37FF
007#82DC7FE0CC0A37FF
008#7C7B80C0830A37FF
001#84907FE7AD9997FF
002#847A7FE7AD9997FF
003#74E77FE7AD9997FF
004#904B7FE7AD9997FF
005#7DF57FE0C40A37FF
006#811B7FE0FD0A37FF
007#82DC7FE0CC0A37FF
008#7C7F8060830A37FF
001#84907FE7AD9997FF
002#847A7FE7AD9997FF
003#74E77FE7AD9997FF
004#904B7FD7AD9997FF
005#7DF57FE0C40A37FF
006#811B8000FD0A37FF
007#82DC7FD0CC0A37FF
008#7C817FE0830A37FF
001#84908007AD9997FF
002#847A8007AD9997FF
003#74E77FE7AD9997FF
004#904B7FE7AD9997FF
005#7DF57FE0C40A37FF
006#811B7FE0FD0A37FF
007#82DC7FE0CC0A37FF
008#7C818000830A37FF
001#84907FE7AD9997FF
002#847A7FE7AD9997FF
003#74E77FE7AD9997FF
004#904B7FE7AD9997FF
005#7DF57FE0C40A37FF
006#811B7FD0FD0A37FF
007#82DC7FE0CC0A37FF
008#7C817FE0830A37FF
001#84907FE7AD9997FF
002#847A7FE7AD9997FF
003#74E77FE7AD9997FF
004#904B7FE7AD9997FF
005#7DF58000C40A37FF
006#811B8000FD0A37FF
007#82DC7FE0CC0A37FF
008#7C817FE0830A37FF
001#84907FE7AD9997FF
002#847A7FD7AD9997FF
003#74E78007AD9997FF
004#904B7FE7AD9997FF
005#7DF57FE0C40A37FF
006#811B7FE0FD0A37FF
007#82DC7FD0CC0A37FF
008#7C818010830A37FF
001#84907FE7AD9997FF
002#847A8007AD9997FF
003#74E78007AD9997FF
004#904B7FE7AD9997FF
005#7DF58000C40A37FF
006#811B7FE0FD0A37FF
007#82DC7FD0CC0A37FF
008#7C818000830A37FF
001#84907FE7AD9997FF
002#847A7FE7AD9997FF
003#74E78007AD9997FF
004#904B7FE7AD9997FF
005#7DF58000C40A37FF
006#811B7FE0FD0A37FF
007#82DC7FE0CC0A37FF
008#7C817FC0830A37FF
001#84907FE7AD9997FF
002#847A7FD7AD9997FF
003#74E77FE7AD9997FF
004#904B7FE7AD9997FF
005#7DF57FD0C40A37FF
006#811B7FE0FD0A37FF
007#82DC7FD0CC0A37FF
008#7C817FE0830A37FF
001#84907FE7AD9997FF
002#847A7FE7AD9997FF
003#74E77FE7AD9997FF
004#904B7FE7AD9997FF
005#7DF57FD0C40A37FF
006#811B7FE0FD0A37FF
007#82DC8000CC0A37FF
008#7C818000830A37FF
001#84907FE7AD9997FF
002#847A7FE7AD9997FF
003#74E77FE7AD9997FF
004#904B7FE7AD9997FF
005#7DF58000C40A37FF
006#811B7FE0FD0A37FF
007#82DC8000CC0A37FF
008#7C818000830A37FF
001#84907FE7AD9997FF
002#847A7FE7AD9997FF
003#74E77FE7AD9997FF
004#904B7FE7AD9997FF
005#7DF57FE0C40A37FF
006#811B7FD0FD0A37FF
007#82DC8000CC0A37FF
008#7C817FE0830A37FF
001#84908007AD9997FF
002#847A7FE7AD9997FF
003#74E77FE7AD9997FF
004#904B7FE7AD9997FF
005#7DF57FE0C40A37FF
006#811B7FD0FD0A37FF
007#82DC7FD0CC0A37FF
008#7C818000830A37FF
001#84907FE7AD9997FF
002#847A7FE7AD9997FF
003#74E77FE7AD9997FF
004#904B7FE7AD9997FF
005#7DF57FE0C40A37FF
006#811B7FE0FD0A37FF
007#82DC7FE0CC0A37FF
008#7C818000830A37FF
001#84907FE7AD9997FF
002#847A7FE7AD9997FF
003#74E77FE7AD9997FF
004#904B7FE7AD9997FF
005#7DF57FD0C40A37FF
006#811B7FE0FD0A37FF
007#82DC7FE0CC0A37FF
008#7C817FE0830A37FF
001#84907FE7AD9997FF
002#847A7FE7AD9997FF
003#74E77FE7AD9997FF
004#904B7FE7AD9997FF
005#7DF57FE0C40A37FF
006#811B7FE0FD0A37FF
007#82DC8000CC0A37FF
008#7C817FE0830A37FF
001#84907FD7AD9997FF
002#847A7FE7AD9997FF
003#74E77FD7AD9997FF
004#904B8007AD9997FF
005#7DF57FE0C40A37FF
006#811B8000FD0A37FF
007#82DC8000CC0A37FF
008#7C818000830A37FF
001#84907FE7AD9997FF
002#847A7FE7AD9997FF
003#74E77FE7AD9997FF
004#904B7FD7AD9997FF
005#7DF57FE0C40A37FF
006#811B7FD0FD0A37FF
007#82DC8000CC0A37FF
008#7C817FE0830A37FF
001#84907FE7AD9997FF
002#847A7FE7AD9997FF
003#74E77FE7AD9997FF
004#904B7FD7AD9997FF
005#7DF57FD0C40A37FF
006#811B7FE0FD0A37FF
007#82DC8000CC0A37FF
008#7C817FE0830A37FF
001#84907FE7AD9997FF
002#847A7FE7AD9997FF
003#74E77FD7AD9997FF
004#904B7FE7AD9997FF
005#7DF57FE0C40A37FF
006#811B8000FD0A37FF
007#82DC7FD0CC0A37FF
008#7C8880B0830A37FF
001#84907FE7AD9997FF
002#847A7FE7AD9997FF
003#74E77FE7AD9997FF
004#904B7FE7AD9997FF
005#7DF47FD0C40A37FF
006#811C8000FD0A37FF
007#82DC7FE0CC0A37FF
008#7CCD8800830A37FF
001#84907FD7AD9997FF
002#847A7FE7AD9997FF
003#74E77FE7AD9997FF
004#904B7FD7AD9997FF
005#7DF47FE0C40A37FF
006#811C7FE0FD0A37FF
007#82DC8000CC0A37FF
008#7D7F9020830A37FF
001#84907FE7AD9997FF
002#847B7FE7AD9997FF
003#74E77FE7AD9997FF
004#904B7FE7AD9997FF
005#7DF27FD0C40A37FF
006#811E7FE0FD0A37FF
007#82DB7FE0CC0A37FF
008#7E7D95D0830A37FF
001#84907FE7AD9997FF
002#847B7FE7AD9997FF
003#74E78007AD9997FF
004#904B7FE7AD9997FF
005#7DF27FD0C40A37FF
006#811E7FD0FD0A37FF
007#82DB8000CC0A37FF
008#7FB19610830A37FF
001#84907FE7AD9997FF
002#847B7FD7AD9997FF
003#74E77FE7AD9997FF
004#904B7FD7AD9997FF
005#7DF58090C40A37FF
006#811C7FE0FD0A37FF
007#82DB8000CC0A37FF
008#801C80E0830A37FF
001#84907FE7AD9997FF
002#847B7FE7AD9997FF
003#74E77FE7AD9997FF
004#904B7FE7AD9997FF
005#7DF07F50C40A37FF
006#811C8000FD0A37FF
007#82DC8000CC0A37FF
008#7FF67ED0830A37FF
001#84907FE7AD9997FF
002#847B8007AD9997FF
003#74E77FE7AD9997FF
004#904B7FE7AD9997FF
005#7DF28040C40A37FF
006#811C7FD0FD0A37FF
007#82DC8000CC0A37FF
008#7FF77FD0830A37FF
001#84907FE7AD9997FF
002#847A7FD7AD9997FF
003#74E77FE7AD9997FF
004#904B7FE7AD9997FF
005#7DF48010C40A37FF
006#811C8000FD0A37FF
007#82DC7FE0CC0A37FF
008#7FF78000830A37FF
001#84907FE7AD9997FF
002#847A7FE7AD9997FF
003#74E77FE7AD9997FF
004#904B7FE7AD9997FF
005#7DF47FE0C40A37FF
006#811C7FE0FD0A37FF
007#82DC8000CC0A37FF
008#7FF67FE0830A37FF
001#84908007AD9997FF
002#847A7FE7AD9997FF
003#74E77FE7AD9997FF
004#904B7FE7AD9997FF
005#7DF47FE0C40A37FF
006#811C7FE0FD0A37FF
007#82DC7FE0CC0A37FF
008#7FF77FE0830A37FF
001#84907FE7AD9997FF
002#847A7FE7AD9997FF
003#74E78007AD9997FF
004#904B7FE7AD9997FF
005#7DF47FE0C40A37FF
006#811C7FE0FD0A37FF
007#82DC7FD0CC0A37FF
008#7FF67FE0830A37FF
001#84907FE7AD9997FF
002#847A7FE7AD9997FF
003#74E77FE7AD9997FF
004#904B7FD7AD9997FF
005#7DF48000C40A37FF
006#811C7FE0FD0A37FF
007#82DC7FD0CC0A37FF
008#7FF78000830A37FF
001#84907FE7AD9997FF
002#847A7FE7AD9997FF
003#74E77FE7AD9997FF
004#904B7FE7AD9997FF
005#7DF47FD0C40A37FF
006#811C7FE0FD0A37FF
007#82DC7FE0CC0A37FF
008#7FF67FE0830A37FF
001#84907FE7AD9997FF
002#847A7FE7AD9997FF
003#74E77FE7AD9997FF
004#904B7FE7AD9997FF
005#7DF47FE0C40A37FF
006#811C7FE0FD0A37FF
007#82DC8000CC0A37FF
008#7FF77FD0830A37FF
001#84907FE7AD9997FF
002#847A7FE7AD9997FF
003#74E77FE7AD9997FF
004#904B7FE7AD9997FF
005#7DF47FD0C40A37FF
006#811C7FE0FD0A37FF
007#82DC8000CC0A37FF
008#7FF68000830A37FF
001#84908007AD9997FF
002#847A7FE7AD9997FF
003#74E77FE7AD9997FF
004#904B7FE7AD9997FF
005#7DF58000C40A37FF
006#811C7FE0FD0A37FF
007#82DC7FE0CC0A37FF
008#7FF67FE0830A37FF
001#84907FE7AD9997FF
002#847A7FE7AD9997FF
003#74E77FE7AD9997FF
004#904B7FD7AD9997FF
005#7DF57FE0C40A37FF
006#811C7FE0FD0A37FF
007#82DC7FE0CC0A37FF
008#7FF67FE0830A37FF
001#84907FE7AD9997FF
002#847A7FE7AD9997FF
003#74E77FD7AD9997FF
004#904B7FE7AD9997FF
005#7DF57FE0C40A37FF
006#811C7FD0FD0A37FF
007#82DC7FE0CC0A37FF
008#7FF67FE0830A37FF
001#84907FE7AD9997FF
002#847A7FE7AD9997FF
003#74E77FE7AD9997FF
004#904B7FD7AD9997FF
005#7DF57FE0C40A37FF
006#811C8000FD0A37FF
007#82DC7FE0CC0A37FF
008#7FF67FE0830A37FF
001#84907FE7AD9997FF
002#847A7FE7AD9997FF
003#74E77FE7AD9997FF
004#904B7FE7AD9997FF
005#7DF57FE0C40A37FF
006#811C7FD0FD0A37FF
007#82DB7FE0CC0A37FF
008#7FF68000830A37FF
001#84907FE7AD9997FF
002#847A7FD7AD9997FF
003#74E77FE7AD9997FF
004#904B7FE7AD9997FF
005#7DF57FD0C40A37FF
006#811C7FE0FD0A37FF
007#82DB7FE0CC0A37FF
008#7FF67FE0830A37FF
001#84907FE7AD9997FF
002#847A7FE7AD9997FF
003#74E77FE7AD9997FF
004#904B7FD7AD9997FF
005#7DF57FE0C40A37FF
006#811C7FE0FD0A37FF
007#82DB7FE0CC0A37FF
008#7FF67FE0830A37FF
001#84907FE7AD9997FF
002#847A7FE7AD9997FF
003#74E77FE7AD9997FF
004#904B7FD7AD9997FF
005#7DF58000C40A37FF
006#811C7FD0FD0A37FF
007#82DB7FD0CC0A37FF
008#7FF68000830A37FF
001#84907FE7AD9997FF
002#847A7FE7AD9997FF
003#74E77FE7AD9997FF
004#904B7FE7AD9997FF
005#7DF57FE0C40A37FF
006#811C7FE0FD0A37FF
007#82DB7FD0CC0A37FF
008#7FF68000830A37FF
001#84907FD7AD9997FF
002#847A7FD7AD9997FF
003#74E77FE7AD9997FF
004#904B7FE7AD9997FF
005#7DF58010C40A37FF
006#811C7FE0FD0A37FF
007#82DB7FE0CC0A37FF
008#7FF67FE0830A37FF
001#84907FE7AD9997FF
002#847A7FD7AD9997FF
003#74E77FE7AD9997FF
004#904B7FE7AD9997FF
005#7DF78000C40A37FF
006#811C7FE0FD0A37FF
007#82DB7FD0CC0A37FF
008#7FF68000830A37FF
001#84907FE7AD9997FF
002#847A7FE7AD9997FF
003#74E78007AD9997FF
004#904B7FE7AD9997FF
005#7DF78000C40A37FF
006#811C7FE0FD0A37FF
007#82DA7FE0CC0A37FF
008#7FF67FE0830A37FF
001#84908007AD9997FF
002#847A7FE7AD9997FF
003#74E77FE7AD9997FF
004#904B7FE7AD9997FF
005#7DFA8050C40A37FF
006#811C7FD0FD0A37FF
007#82D67F80CC0A37FF
008#7FF67FE0830A37FF
001#84907FE7AD9997FF
002#847A7FD7AD9997FF
003#74E77FE7AD9997FF
004#904B7FE7AD9997FF
005#7E138270C40A37FF
006#811C7FE0FD0A37FF
007#82CF7F50CC0A37FF
008#7FF68000830A37FF
001#84907FE7AD9997FF
002#847A7FE7AD9997FF
003#74E88007AD9997FF
004#904B7FE7AD9997FF
005#7E3C8390C40A37FF
006#811B7FD0FD0A37FF
007#82BE7E40CC0A37FF
008#7FF67FE0830A37FF
001#84907FE7AD9997FF
002#847A7FE7AD9997FF
003#74E88007AD9997FF
004#904B7FD7AD9997FF
005#7E6B83D0C40A37FF
006#811B7FE0FD0A37FF
007#82A27D10CC0A37FF
008#7FF68000830A37FF
001#84907FE7AD9997FF
002#847A7FE7AD9997FF
003#74E88017AD9997FF
004#904B7FE7AD9997FF
005#7EA38420C40A37FF
006#81117EC0FD0A37FF
007#826D7BA0CC0A37FF
008#7FF57FE0830A37FF
001#84907FE7AD9997FF
002#847A7FD7AD9997FF
003#74E87FE7AD9997FF
004#904B7FE7AD9997FF
005#7EDA8420C40A37FF
006#81007E70FD0A37FF
007#82307AF0CC0A37FF
008#7FF57FE0830A37FF
001#84907FE7AD9997FF
002#84797FD7AD9997FF
003#74EA80E7AD9997FF
004#904B7FD7AD9997FF
005#7F0C8430C40A37FF
006#80E77D90FD0A37FF
007#81F27A90CC0A37FF
008#7FF57FE0830A37FF
001#848F7FD7AD9997FF
002#84787FC7AD9997FF
003#74F18177AD9997FF
004#904B7FE7AD9997FF
005#7F3F8450C40A37FF
006#80C97DF0FD0A37FF
007#81AD7A30CC0A37FF
008#7FF57FD0830A37FF
001#848F7FE7AD9997FF
002#84737FC7AD9997FF
003#74F88217AD9997FF
004#904B7FC7AD9997FF
005#7F798490C40A37FF
006#80C47FE0FD0A37FF
007#81637A00CC0A37FF
008#7FF57FD0830A37FF
001#848F8007AD9997FF
002#84717FC7AD9997FF
003#75048397AD9997FF
004#904B7FE7AD9997FF
005#7FA78440C40A37FF
006#80C37FD0FD0A37FF
007#812079D0CC0A37FF
008#7FF37FE0830A37FF
001#848F8007AD9997FF
002#846F7FB7AD9997FF
003#75188547AD9997FF
004#904B7FE7AD9997FF
005#7FDA8400C40A37FF
006#80C48000FD0A37FF
007#80DE7AF0CC0A37FF
008#7FED7F10830A37FF
001#848E7FB7AD9997FF
002#846A7FD7AD9997FF
003#75318637AD9997FF
004#90497F37AD9997FF
005#800D8420C40A37FF
006#80C47FD0FD0A37FF
007#80A07AD0CC0A37FF
008#7FE07EF0830A37FF
001#84887F97AD9997FF
002#84627F37AD9997FF
003#754F8847AD9997FF
004#90427E57AD9997FF
005#803C8390C40A37FF
006#80C38000FD0A37FF
007#80677B70CC0A37FF
008#7FDF7FC0830A37FF
001#84807F57AD9997FF
002#84577F67AD9997FF
003#757E8B07AD9997FF
004#903B7DA7AD9997FF
005#806B8340C40A37FF
006#80C38000FD0A37FF
007#80357BE0CC0A37FF
008#7FDF7FC0830A37FF
001#846E7EF7AD9997FF
002#844C7F17AD9997FF
003#75B18DA7AD9997FF
004#902D7D07AD9997FF
005#808C8280C40A37FF
006#80C27FC0FD0A37FF
007#80077C60CC0A37FF
008#7FDB7F50830A37FF
001#845B7ED7AD9997FF
002#84427F47AD9997FF
003#75EB8FF7AD9997FF
004#90237CB7AD9997FF
005#80A78220C40A37FF
006#80BC7F30FD0A37FF
007#7FE67D00CC0A37FF
008#7FD17F00830A37FF
001#84427E57AD9997FF
002#842E7EB7AD9997FF
003#763891A7AD9997FF
004#90107B37AD9997FF
005#80BF81A0C40A37FF
006#80BA7FE0FD0A37FF
007#7FC67DE0CC0A37FF
008#7FBC7EA0830A37FF
001#84247E37AD9997FF
002#841D7EF7AD9997FF
003#76819447AD9997FF
004#8FFC7A37AD9997FF
005#80CE8150C40A37FF
006#80BA7FD0FD0A37FF
007#7FBA7EB0CC0A37FF
008#7FBA7FD0830A37FF
001#84047E47AD9997FF
002#84047E77AD9997FF
003#76E496B7AD9997FF
004#8FDC78D7AD9997FF
005#80DA8050C40A37FF
006#80BA7FD0FD0A37FF
007#7FA77EC0CC0A37FF
008#7FBA8000830A37FF
001#83E07DD7AD9997FF
002#83E97E77AD9997FF
003#77459807AD9997FF
004#8FBE77C7AD9997FF
005#80DA8000C40A37FF
006#80BF8080FD0A37FF
007#7F957E30CC0A37FF
008#7FBA7FE0830A37FF
001#83BB7DC7AD9997FF
002#83C87E37AD9997FF
003#77AB9957AD9997FF
004#8F9A7757AD9997FF
005#80DA7FB0C40A37FF
006#80C980C0FD0A37FF
007#7F807E00CC0A37FF
008#7FBA8000830A37FF
001#83957DD7AD9997FF
002#83A97E07AD9997FF
003#780C9A87AD9997FF
004#8F797697AD9997FF
005#80DA7FE0C40A37FF
006#80D28080FD0A37FF
007#7F677D50CC0A37FF
008#7FBA7FE0830A37FF
001#83707DD7AD9997FF
002#83817DB7AD9997FF
003#78839A47AD9997FF
004#8F4C75E7AD9997FF
005#80DA8000C40A37FF
006#80E58160FD0A37FF
007#7F427D40CC0A37FF
008#7FB97FE0830A37FF
001#834D7DF7AD9997FF
002#835F7DE7AD9997FF
003#78E299D7AD9997FF
004#8F2374A7AD9997FF
005#80DA7FE0C40A37FF
006#80F28120FD0A37FF
007#7F207D20CC0A37FF
008#7FBA8000830A37FF
001#832C7E57AD9997FF
002#83387DE7AD9997FF
003#794D9977AD9997FF
004#8EF17377AD9997FF
005#80D97FD0C40A37FF
006#810B8210FD0A37FF
007#7EFE7D20CC0A37FF
008#7FB97FE0830A37FF
001#830B7E07AD9997FF
002#830E7DD7AD9997FF
003#79BB98F7AD9997FF
004#8EB77237AD9997FF
005#80DA8000C40A37FF
006#812D82D0FD0A37FF
007#7ED57C90CC0A37FF
008#7FB97FE0830A37FF
001#82EE7E47AD9997FF
002#82EB7DC7AD9997FF
003#7A179887AD9997FF
004#8E8171B7AD9997FF
005#80D97FD0C40A37FF
006#814C82D0FD0A37FF
007#7EB27CE0CC0A37FF
008#7FB97FD0830A37FF
001#82D07E77AD9997FF
002#82C77DC7AD9997FF
003#7A7B9817AD9997FF
004#8E4470B7AD9997FF
005#80D98000C40A37FF
006#817582C0FD0A37FF
007#7E917D50CC0A37FF
008#7FB97FE0830A37FF
001#82B17E37AD9997FF
002#82A27DF7AD9997FF
003#7AE59727AD9997FF
004#8DFB6F07AD9997FF
005#80D97FD0C40A37FF
006#819B82E0FD0A37FF
007#7E707DB0CC0A37FF
008#7FB98000830A37FF
001#82947E37AD9997FF
002#82847E27AD9997FF
003#7B389687AD9997FF
004#8DB96DB7AD9997FF
005#80D98000C40A37FF
006#81B782C0FD0A37FF
007#7E607E30CC0A37FF
008#7FB97FE0830A37FF
001#827C7EB7AD9997FF
002#82637E27AD9997FF
003#7B939627AD9997FF
004#8D6C6CF7AD9997FF
005#80D78000C40A37FF
006#81DB8290FD0A37FF
007#7E4E7EC0CC0A37FF
008#7FB97FD0830A37FF
001#82617E57AD9997FF
002#82447E57AD9997FF
003#7BEE95B7AD9997FF
004#8D1B6BB7AD9997FF
005#80D77FC0C40A37FF
006#81FC8290FD0A37FF
007#7E3C7E60CC0A37FF
008#7FB98000830A37FF
001#824A7EB7AD9997FF
002#82237E47AD9997FF
003#7C519557AD9997FF
004#8CBC6B37AD9997FF
005#80D67FE0C40A37FF
006#82048040FD0A37FF
007#7E327F70CC0A37FF
008#7FB97FD0830A37FF
001#82307E67AD9997FF
002#820C7E87AD9997FF
003#7C9D9447AD9997FF
004#8C6D6A57AD9997FF
005#80D67FD0C40A37FF
006#820C8020FD0A37FF
007#7E287F00CC0A37FF
008#7FB98010830A37FF
001#821B7E87AD9997FF
002#81F47E97AD9997FF
003#7CEC93D7AD9997FF
004#8C1569F7AD9997FF
005#80D37FC0C40A37FF
006#820E8040FD0A37FF
007#7E207F60CC0A37FF
008#7FB97FD0830A37FF
001#82027EB7AD9997FF
002#81E07EE7AD9997FF
003#7D3E9327AD9997FF
004#8BB869D7AD9997FF
005#80D37FD0C40A37FF
006#820C7FE0FD0A37FF
007#7E137EF0CC0A37FF
008#7FB97FE0830A37FF
001#81EB7EB7AD9997FF
002#81CC7ED7AD9997FF
003#7D8791B7AD9997FF
004#8B5F6967AD9997FF
005#80D58010C40A37FF
006#82118090FD0A37FF
007#7E077EF0CC0A37FF
008#7FB97FE0830A37FF
001#81D67EF7AD9997FF
002#81BA7F07AD9997FF
003#7DCC9077AD9997FF
004#8AFE68B7AD9997FF
005#80CE7EF0C40A37FF
006#82198030FD0A37FF
007#7DFC7F40CC0A37FF
008#7FB87FD0830A37FF
001#81BF7E77AD9997FF
002#81AD7F37AD9997FF
003#7E0E8DD7AD9997FF
004#8A936727AD9997FF
005#80B67D70C40A37FF
006#82348280FD0A37FF
007#7DFA8000CC0A37FF
008#7FB87FD0830A37FF
001#81AA7ED7AD9997FF
002#81A37F57AD9997FF
003#7E3F8C87AD9997FF
004#8A356727AD9997FF
005#80977D40C40A37FF
006#824280B0FD0A37FF
007#7DFC8010CC0A37FF
008#7FB67FC0830A37FF
001#81987EE7AD9997FF
002#81997F77AD9997FF
003#7E6D8AF7AD9997FF
004#89D266D7AD9997FF
005#80807E30C40A37FF
006#82478000FD0A37FF
007#7DFA7FB0CC0A37FF
008#7FB68000830A37FF
001#81827EF7AD9997FF
002#818F7F67AD9997FF
003#7E9888F7AD9997FF
004#896166D7AD9997FF
005#80607D70C40A37FF
006#82477FD0FD0A37FF
007#7DFC8020CC0A37FF
008#7FB67FE0830A37FF
001#81707ED7AD9997FF
002#818E7FC7AD9997FF
003#7EB58687AD9997FF
004#88F665D7AD9997FF
005#80437D80C40A37FF
006#82467FD0FD0A37FF
007#7DFD7FE0CC0A37FF
008#7FB67FD0830A37FF
001#81607F27AD9997FF
002#818C7FD7AD9997FF
003#7EC98427AD9997FF
004#888C65D7AD9997FF
005#80267DC0C40A37FF
006#82467FD0FD0A37FF
007#7E028080CC0A37FF
008#7FB57FD0830A37FF
001#81537F37AD9997FF
002#818C8007AD9997FF
003#7ED582E7AD9997FF
004#882B65B7AD9997FF
005#80137E50C40A37FF
006#82467FC0FD0A37FF
007#7E078020CC0A37FF
008#7FB47FC0830A37FF
001#814A7F37AD9997FF
002#818C7FE7AD9997FF
003#7EDC8187AD9997FF
004#87B56507AD9997FF
005#7FFF7E90C40A37FF
006#82447FE0FD0A37FF
007#7E077FE0CC0A37FF
008#7FB37FB0830A37FF
001#81407F67AD9997FF
002#818C8007AD9997FF
003#7EE28147AD9997FF
004#875064A7AD9997FF
005#7FEB7E10C40A37FF
006#82427FC0FD0A37FF
007#7E118160CC0A37FF
008#7FB27FD0830A37FF
001#81367F57AD9997FF
002#818C8007AD9997FF
003#7EE780D7AD9997FF
004#86E26587AD9997FF
005#7FDA7E90C40A37FF
006#823F7F70FD0A37FF
007#7E2881F0CC0A37FF
008#7FB27FE0830A37FF
001#812D7F67AD9997FF
002#818C7FE7AD9997FF
003#7EE57FC7AD9997FF
004#867765F7AD9997FF
005#7FCD7EE0C40A37FF
006#82377FC0FD0A37FF
007#7E428220CC0A37FF
008#7FB17FE0830A37FF
001#81277F77AD9997FF
002#818E8007AD9997FF
003#7EE57FD7AD9997FF
004#860B6637AD9997FF
005#7FC87F60C40A37FF
006#822D7F20FD0A37FF
007#7E5981B0CC0A37FF
008#7FB07FE0830A37FF
001#81237F77AD9997FF
002#818E7FE7AD9997FF
003#7EE57FE7AD9997FF
004#859B6667AD9997FF
005#7FC17FE0C40A37FF
006#82267F80FD0A37FF
007#7E778250CC0A37FF
008#7FB07FE0830A37FF
001#811B7F87AD9997FF
002#818E7FE7AD9997FF
003#7EE58007AD9997FF
004#853B66D7AD9997FF
005#7FB97EB0C40A37FF
006#821B7E70FD0A37FF
007#7E9682D0CC0A37FF
008#7FAE7FE0830A37FF
001#81177FB7AD9997FF
002#818E7FE7AD9997FF
003#7EE58007AD9997FF
004#84DB6837AD9997FF
005#7FB57FA0C40A37FF
006#820C7E60FD0A37FF
007#7EB982E0CC0A37FF
008#7FAE7FD0830A37FF
001#81107F77AD9997FF
002#818E7FE7AD9997FF
003#7EE57FE7AD9997FF
004#84736907AD9997FF
005#7FAC7F40C40A37FF
006#81F07D20FD0A37FF
007#7EDE82D0CC0A37FF
008#7FAE7FD0830A37FF
001#810B7FB7AD9997FF
002#818E7FE7AD9997FF
003#7EE57FD7AD9997FF
004#841C6AE7AD9997FF
005#7FA07F50C40A37FF
006#81D17DA0FD0A37FF
007#7F088320CC0A37FF
008#7FAE8000830A37FF
001#81027F67AD9997FF
002#818E7FE7AD9997FF
003#7EE57FE7AD9997FF
004#83D06BA7AD9997FF
005#7F977F10C40A37FF
006#81B57D70FD0A37FF
007#7F2C8310CC0A37FF
008#7FAE7FD0830A37FF
001#80FB7FB7AD9997FF
002#818E7FE7AD9997FF
003#7EE57FE7AD9997FF
004#837A6CE7AD9997FF
005#7F827E60C40A37FF
006#81937DE0FD0A37FF
007#7F5C83B0CC0A37FF
008#7FAE7FE0830A37FF
001#80F37F47AD9997FF
002#818E7FE7AD9997FF
003#7EE57FD7AD9997FF
004#83336D07AD9997FF
005#7F6B7DB0C40A37FF
006#818E7FA0FD0A37FF
007#7F808310CC0A37FF
008#7FAD7FC0830A37FF
001#80ED7F97AD9997FF
002#818E8007AD9997FF
003#7EE57FE7AD9997FF
004#82E96DC7AD9997FF
005#7F437C50C40A37FF
006#817D7E50FD0A37FF
007#7FB18410CC0A37FF
008#7FAC7FD0830A37FF
001#80E57F67AD9997FF
002#818E7FE7AD9997FF
003#7EE57FE7AD9997FF
004#82A16EA7AD9997FF
005#7F137C00C40A37FF
006#816D7E40FD0A37FF
007#7FE78430CC0A37FF
008#7FAB7FA0830A37FF
001#80DF7F77AD9997FF
002#818E7FE7AD9997FF
003#7EE57FD7AD9997FF
004#82607037AD9997FF
005#7EE87C90C40A37FF
006#81497D20FD0A37FF
007#801383D0CC0A37FF
008#7FA77FD0830A37FF
001#80DE7FC7AD9997FF
002#818E7FE7AD9997FF
003#7EE57FE7AD9997FF
004#82217127AD9997FF
005#7EC37CF0C40A37FF
006#81297CF0FD0A37FF
007#803B8310CC0A37FF
008#7FA77FD0830A37FF
001#80D77F87AD9997FF
002#818E7FE7AD9997FF
003#7EE57FE7AD9997FF
004#81E57177AD9997FF
005#7EA57DA0C40A37FF
006#81057D40FD0A37FF
007#805E82F0CC0A37FF
008#7FA57FD0830A37FF
001#80D37FA7AD9997FF
002#818F8007AD9997FF
003#7EE57FE7AD9997FF
004#81A87297AD9997FF
005#7E877DC0C40A37FF
006#80DC7C30FD0A37FF
007#80898310CC0A37FF
008#7FA57FC0830A37FF
001#80D17FD7AD9997FF
002#818F7FE7AD9997FF
003#7EE57FD7AD9997FF
004#817A7387AD9997FF
005#7E757E60C40A37FF
006#80B57C60FD0A37FF
007#80A882F0CC0A37FF
008#7FA57FC0830A37FF
001#80D07FD7AD9997FF
002#818F7FE7AD9997FF
003#7EE57FE7AD9997FF
004#814773E7AD9997FF
005#7E657ED0C40A37FF
006#80807B80FD0A37FF
007#80CC82C0CC0A37FF
008#7FA57FE0830A37FF
001#80CB7F87AD9997FF
002#818F7FE7AD9997FF
003#7EE57FE7AD9997FF
004#81137467AD9997FF
005#7E5B7F60C40A37FF
006#80417AE0FD0A37FF
007#80F58310CC0A37FF
008#7FA37FD0830A37FF
001#80C87FD7AD9997FF
002#818F7FE7AD9997FF
003#7EE57FE7AD9997FF
004#80E975C7AD9997FF
005#7E477E20C40A37FF
006#800F7C20FD0A37FF
007#811C8330CC0A37FF
008#7FA37FD0830A37FF
001#80C37F67AD9997FF
002#818E7FD7AD9997FF
003#7EE57FE7AD9997FF
004#80C47657AD9997FF
005#7E357E10C40A37FF
006#7FE77C80FD0A37FF
007#81428320CC0A37FF
008#7FA27FE0830A37FF
001#80BA7F47AD9997FF
002#818E7FE7AD9997FF
003#7EE57FE7AD9997FF
004#80A47867AD9997FF
005#7E207E30C40A37FF
006#7FBC7C30FD0A37FF
007#81688380CC0A37FF
008#7FA27FD0830A37FF
001#80B37F57AD9997FF
002#818E7FE7AD9997FF
003#7EE57FE7AD9997FF
004#80897A67AD9997FF
005#7E137F10C40A37FF
006#7F9E7DF0FD0A37FF
007#819182A0CC0A37FF
008#7FA07FB0830A37FF
001#80AC7F67AD9997FF
002#818E7FE7AD9997FF
003#7EE57FE7AD9997FF
004#80797BE7AD9997FF
005#7E0A7F40C40A37FF
006#7F8E7ED0FD0A37FF
007#81A681D0CC0A37FF
008#7F9E7FC0830A37FF
001#80A47F67AD9997FF
002#818E7FD7AD9997FF
003#7EE57FD7AD9997FF
004#806C7D17AD9997FF
005#7E047FC0C40A37FF
006#7F837F60FD0A37FF
007#81B78110CC0A37FF
008#7F9E7FD0830A37FF
001#809C7F77AD9997FF
002#818C7FD7AD9997FF
003#7EE57FE7AD9997FF
004#80627DC7AD9997FF
005#7E048010C40A37FF
006#7F7C7F90FD0A37FF
007#81BA8010CC0A37FF
008#7F9E7FE0830A37FF
001#80957F97AD9997FF
002#81897FD7AD9997FF
003#7EE57FD7AD9997FF
004#80607FA7AD9997FF
005#7E078000C40A37FF
006#7F7E7FE0FD0A37FF
007#81BA7FD0CC0A37FF
008#7F9E7FE0830A37FF
001#808B7F57AD9997FF
002#81877FC7AD9997FF
003#7EE57FD7AD9997FF
004#80607FE7AD9997FF
005#7E077FD0C40A37FF
006#7F7E7FD0FD0A37FF
007#81B77F90CC0A37FF
008#7F9E7FE0830A37FF
001#80857FC7AD9997FF
002#81847FB7AD9997FF
003#7EE57FE7AD9997FF
004#80607FD7AD9997FF
005#7E067FD0C40A37FF
006#7F7C7FE0FD0A37FF
007#81B88000CC0A37FF
008#7F9E7FE0830A37FF
001#80807FA7AD9997FF
002#81817FB7AD9997FF
003#7EE58007AD9997FF
004#80607FE7AD9997FF
005#7E067FD0C40A37FF
006#7F7C7FB0FD0A37FF
007#81B57FA0CC0A37FF
008#7F9E7FE0830A37FF
001#807B7F87AD9997FF
002#817F7FD7AD9997FF
003#7EE57FD7AD9997FF
004#80607FD7AD9997FF
005#7E067FE0C40A37FF
006#7F727EE0FD0A37FF
007#81B57FB0CC0A37FF
008#7F9E8000830A37FF
001#80797FE7AD9997FF
002#817D7FC7AD9997FF
003#7EE57FD7AD9997FF
004#80607FE7AD9997FF
005#7E067FE0C40A37FF
006#7F707FB0FD0A37FF
007#81B47FD0CC0A37FF
008#7F9E7FE0830A37FF
001#80797FE7AD9997FF
002#817A7FB7AD9997FF
003#7EE57FE7AD9997FF
004#80607FD7AD9997FF
005#7E067FD0C40A37FF
006#7F6C7FB0FD0A37FF
007#81B07F60CC0A37FF
008#7F9E7FD0830A37FF
001#80797FE7AD9997FF
002#81787FD7AD9997FF
003#7EE57FE7AD9997FF
004#80607FE7AD9997FF
005#7E067FE0C40A37FF
006#7F6C7FE0FD0A37FF
007#81AD7FD0CC0A37FF
008#7F9E7FE0830A37FF
001#80797FE7AD9997FF
002#81787FD7AD9997FF
003#7EE57FE7AD9997FF
004#80607FE7AD9997FF
005#7E047FD0C40A37FF
006#7F6C7FE0FD0A37FF
007#81AB7FE0CC0A37FF
008#7F9E7FE0830A37FF
001#80797FE7AD9997FF
002#817A7FE7AD9997FF
003#7EE57FE7AD9997FF
004#80607FD7AD9997FF
005#7E048000C40A37FF
006#7F6C7FE0FD0A37FF
007#81AB7FD0CC0A37FF
008#7F9E7FE0830A37FF
001#80797FE7AD9997FF
002#817A7FE7AD9997FF
003#7EE57FE7AD9997FF
004#80607FE7AD9997FF
005#7E067FE0C40A37FF
006#7F6B7FD0FD0A37FF
007#81AB7FE0CC0A37FF
008#7F9E7FE0830A37FF
001#80797FE7AD9997FF
002#817A7FE7AD9997FF
003#7EE58007AD9997FF
004#80607FE7AD9997FF
005#7E067FE0C40A37FF
006#7F6B8000FD0A37FF
007#81AB8000CC0A37FF
008#7F9E7FE0830A37FF
001#80797FE7AD9997FF
002#817A7FE7AD9997FF
003#7EE58007AD9997FF
004#80607FE7AD9997FF
005#7E047FD0C40A37FF
006#7F6B7FD0FD0A37FF
007#81AB8000CC0A37FF
008#7F9E8000830A37FF
001#807B7FE7AD9997FF
002#817A7FE7AD9997FF
003#7EE57FE7AD9997FF
004#80607FE7AD9997FF
005#7E047FE0C40A37FF
006#7F6B7FE0FD0A37FF
007#81AD8000CC0A37FF
008#7F9E7FD0830A37FF
001#807B8007AD9997FF
002#817A7FE7AD9997FF
003#7EE57FE7AD9997FF
004#80608007AD9997FF
005#7E047FE0C40A37FF
006#7F6B7FE0FD0A37FF
007#81AD8000CC0A37FF
008#7F9E8000830A37FF
001#807B7FD7AD9997FF
002#817A7FE7AD9997FF
003#7EE57FE7AD9997FF
004#80607FE7AD9997FF
005#7E048000C40A37FF
006#7F6C8000FD0A37FF
007#81AB7FD0CC0A37FF
008#7F9E8000830A37FF
001#807B7FE7AD9997FF
002#817A7FE7AD9997FF
003#7EE57FE7AD9997FF
004#80607FE7AD9997FF
005#7E047FE0C40A37FF
006#7F6B7FD0FD0A37FF
007#81AD8010CC0A37FF
008#7F9E8000830A37FF
001#807B7FD7AD9997FF
002#817A7FE7AD9997FF
003#7EE57FE7AD9997FF
004#80607FE7AD9997FF
005#7E047FE0C40A37FF
006#7F6C7FE0FD0A37FF
007#81AD8010CC0A37FF
008#7FA08000830A37FF
001#807C8007AD9997FF
002#817A7FE7AD9997FF
003#7EE57FE7AD9997FF
004#80608007AD9997FF
005#7E047FD0C40A37FF
006#7F6B7FE0FD0A37FF
007#81AD8000CC0A37FF
008#7FA07FE0830A37FF
001#807C7FE7AD9997FF
002#817A8007AD9997FF
003#7EE57FE7AD9997FF
004#80608007AD9997FF
005#7E047FE0C40A37FF
006#7F6B7FE0FD0A37FF
007#81AF8000CC0A37FF
008#7FA07FD0830A37FF
001#807C7FD7AD9997FF
002#817C8017AD9997FF
003#7EE57FE7AD9997FF
004#80608007AD9997FF
005#7E027FC0C40A37FF
006#7F6B8000FD0A37FF
007#81B07FE0CC0A37FF
008#7FA07FE0830A37FF
001#807C7FE7AD9997FF
002#817F8027AD9997FF
003#7EE57FD7AD9997FF
004#80607FE7AD9997FF
005#7DFA7F20C40A37FF
006#7F6C7FE0FD0A37FF
007#81AF7FE0CC0A37FF
008#7FA07FD0830A37FF
001#807C7FE7AD9997FF
002#81828017AD9997FF
003#7EE57FE7AD9997FF
004#80607FE7AD9997FF
005#7DEB7E80C40A37FF
006#7F6C8000FD0A37FF
007#81AF7FE0CC0A37FF
008#7FA07FD0830A37FF
001#807B7FE7AD9997FF
002#81848017AD9997FF
003#7EE57FE7AD9997FF
004#80607FD7AD9997FF
005#7DDB7EF0C40A37FF
006#7F6B7FD0FD0A37FF
007#81AF7FE0CC0A37FF
008#7F9E7FE0830A37FF
001#807B7FE7AD9997FF
002#81878027AD9997FF
003#7EE57FD7AD9997FF
004#80607FE7AD9997FF
005#7DD67FB0C40A37FF
006#7F6C8010FD0A37FF
007#81AF7FE0CC0A37FF
008#7F9E7FC0830A37FF
001#807B7FE7AD9997FF
002#81898027AD9997FF
003#7EE57FE7AD9997FF
004#80607FE7AD9997FF
005#7DD67FE0C40A37FF
006#7F6E8010FD0A37FF
007#81AD7FD0CC0A37FF
008#7F9E8000830A37FF
001#80797FD7AD9997FF
002#818A7FE7AD9997FF
003#7EE57FE7AD9997FF
004#80607FD7AD9997FF
005#7DD67FD0C40A37FF
006#7F6C7FB0FD0A37FF
007#81AD7FC0CC0A37FF
008#7F9E7FE0830A37FF
001#80797FE7AD9997FF
002#818C8017AD9997FF
003#7EE57FD7AD9997FF
004#80607FE7AD9997FF
005#7DD67FE0C40A37FF
006#7F6C7FE0FD0A37FF
007#81AD7FD0CC0A37FF
008#7F9E7FD0830A37FF
001#80777FC7AD9997FF
002#818F8017AD9997FF
003#7EE57FE7AD9997FF
004#80607FE7AD9997FF
005#7DD68000C40A37FF
006#7F6C7FE0FD0A37FF
007#81AB8000CC0A37FF
008#7F9E7FE0830A37FF
001#80707FA7AD9997FF
002#81918007AD9997FF
003#7EE57FE7AD9997FF
004#80608007AD9997FF
005#7DD88000C40A37FF
006#7F6C7FB0FD0A37FF
007#81AD8030CC0A37FF
008#7F9E7FE0830A37FF
001#80727FE7AD9997FF
002#81918007AD9997FF
003#7EE57FE7AD9997FF
004#80607FD7AD9997FF
005#7DD88000C40A37FF
006#7F6B7FE0FD0A37FF
007#81AD7FB0CC0A37FF
008#7F9E8010830A37FF
001#80727FE7AD9997FF
002#81938007AD9997FF
003#7EE57FE7AD9997FF
004#80607FE7AD9997FF
005#7DD87FE0C40A37FF
006#7F6B7FE0FD0A37FF
007#81AD8010CC0A37FF
008#7F9E8000830A37FF
001#80727FE7AD9997FF
002#81938007AD9997FF
003#7EE57FE7AD9997FF
004#80607FE7AD9997FF
005#7DD67FE0C40A37FF
006#7F6C8020FD0A37FF
007#81AD7FD0CC0A37FF
008#7F9E7FE0830A37FF
001#80728007AD9997FF
002#81937FD7AD9997FF
003#7EE57FD7AD9997FF
004#80607FE7AD9997FF
005#7DD67FD0C40A37FF
006#7F6C7FD0FD0A37FF
007#81AD8000CC0A37FF
008#7F9E7FE0830A37FF
001#80727FE7AD9997FF
002#81937FD7AD9997FF
003#7EE57FE7AD9997FF
004#80607FE7AD9997FF
005#7DD67FE0C40A37FF
006#7F6C7FE0FD0A37FF
007#81AD7FE0CC0A37FF
008#7F9E8000830A37FF
001#80728007AD9997FF
002#81917FD7AD9997FF
003#7EE57FE7AD9997FF
004#80607FE7AD9997FF
005#7DD67FD0C40A37FF
006#7F6C7FE0FD0A37FF
007#81AD8000CC0A37FF
008#7F9E7FE0830A37FF
001#80728007AD9997FF
002#81917FD7AD9997FF
003#7EE57FE7AD9997FF
004#80607FE7AD9997FF
005#7DD67FD0C40A37FF
006#7F6C7FE0FD0A37FF
007#81AD7FE0CC0A37FF
008#7F9E8000830A37FF
001#80727FE7AD9997FF
002#818F7FD7AD9997FF
003#7EE57FE7AD9997FF
004#80607FE7AD9997FF
005#7DD88000C40A37FF
006#7F6C7FE0FD0A37FF
007#81AD7FE0CC0A37FF
008#7F9E7FE0830A37FF
001#80727FE7AD9997FF
002#818F7FE7AD9997FF
003#7EE57FE7AD9997FF
004#80607FE7AD9997FF
005#7DD67FE0C40A37FF
006#7F6C7FE0FD0A37FF
007#81AD8000CC0A37FF
008#7F9E7FE0830A37FF
001#80727FE7AD9997FF
002#818F7FD7AD9997FF
003#7EE57FE7AD9997FF
004#80608007AD9997FF
005#7DD67FE0C40A37FF
006#7F6C7FE0FD0A37FF
007#81AD7FE0CC0A37FF
008#7F9E8000830A37FF
001#80727FE7AD9997FF
002#818F7FE7AD9997FF
003#7EE57FE7AD9997FF
004#80607FE7AD9997FF
005#7DD67FE0C40A37FF
006#7F6C7FE0FD0A37FF
007#81AD7FD0CC0A37FF
008#7F9E7FE0830A37FF
001#80728007AD9997FF
002#818F7FE7AD9997FF
003#7EE57FE7AD9997FF
004#80607FD7AD9997FF
005#7DD88000C40A37FF
006#7F6C7FE0FD0A37FF
007#81AD7FE0CC0A37FF
008#7F9E7FE0830A37FF
001#80727FE7AD9997FF
002#818F7FE7AD9997FF
003#7EE57FE7AD9997FF
004#80607FE7AD9997FF
005#7DD67FE0C40A37FF
006#7F6C7FD0FD0A37FF
007#81AF7FD0CC0A37FF
008#7F9E7FE0830A37FF
001#80727FE7AD9997FF
002#818F7FE7AD9997FF
003#7EE57FE7AD9997FF
004#80607FE7AD9997FF
005#7DD87FE0C40A37FF
006#7F6C8000FD0A37FF
007#81AF8000CC0A37FF
008#7F9E7FE0830A37FF
001#80727FE7AD9997FF
002#818F7FE7AD9997FF
003#7EE57FD7AD9997FF
004#80607FE7AD9997FF
005#7DD67FE0C40A37FF
006#7F6C7FE0FD0A37FF
007#81AF7FD0CC0A37FF
008#7F9E7FD0830A37FF
001#80727FE7AD9997FF
002#818F7FE7AD9997FF
003#7EE57FE7AD9997FF
004#80607FE7AD9997FF
005#7DD87FE0C40A37FF
006#7F6C7FE0FD0A37FF
007#81AD7FD0CC0A37FF
008#7F9E7FE0830A37FF
001#80727FE7AD9997FF
002#818F7FE7AD9997FF
003#7EE57FE7AD9997FF
004#80607FE7AD9997FF
005#7DD67FE0C40A37FF
006#7F6C7FE0FD0A37FF
007#81AD8000CC0A37FF
008#7F9E7FE0830A37FF
001#80727FE7AD9997FF
002#818F7FE7AD9997FF
003#7EE57FE7AD9997FF
004#80607FE7AD9997FF
005#7DD67FE0C40A37FF
006#7F6C7FE0FD0A37FF
007#81AD7FE0CC0A37FF
008#7F9E7FE0830A37FF
001#80727FE7AD9997FF
002#818F7FE7AD9997FF
003#7EE57FE7AD9997FF
004#80607FE7AD9997FF
005#7DD67FE0C40A37FF
006#7F6C7FE0FD0A37FF
007#81AD8000CC0A37FF
008#7F9E7FE0830A37FF
001#80728007AD9997FF
002#818F7FE7AD9997FF
003#7EE58007AD9997FF
004#80607FE7AD9997FF
005#7DD68000C40A37FF
006#7F6C7FE0FD0A37FF
007#81AD7FE0CC0A37FF
008#7F9E8000830A37FF
001#80727FE7AD9997FF
002#818F7FE7AD9997FF
003#7EE57FE7AD9997FF
004#80607FE7AD9997FF
005#7DD67FD0C40A37FF
006#7F6C7FE0FD0A37FF
007#81AF8000CC0A37FF
008#7F9E7FE0830A37FF
001#80727FE7AD9997FF
002#818F7FE7AD9997FF
003#7EE57FE7AD9997FF
004#80607FE7AD9997FF
005#7DD68000C40A37FF
006#7F6C7FE0FD0A37FF
007#81AD7FE0CC0A37FF
008#7F9E7FE0830A37FF
001#80727FD7AD9997FF
002#818F7FE7AD9997FF
003#7EE58007AD9997FF
004#80607FE7AD9997FF
005#7DD67FE0C40A37FF
006#7F6C7FE0FD0A37FF
007#81AD7FE0CC0A37FF
008#7F9E7FE0830A37FF
001#80727FE7AD9997FF
002#818F8007AD9997FF
003#7EE57FE7AD9997FF
004#80607FD7AD9997FF
005#7DD68000C40A37FF
006#7F6C7FE0FD0A37FF
007#81AF8000CC0A37FF
008#7F9E7FE0830A37FF
001#80727FE7AD9997FF
002#818F7FE7AD9997FF
003#7EE57FE7AD9997FF
004#80608007AD9997FF
005#7DD67FE0C40A37FF
006#7F6C8000FD0A37FF
007#81AD7FE0CC0A37FF
008#7F9E7FD0830A37FF
001#80727FE7AD9997FF
002#818F7FE7AD9997FF
003#7EE57FE7AD9997FF
004#80607FD7AD9997FF
005#7DD67FD0C40A37FF
006#7F6C7FE0FD0A37FF
007#81AF8000CC0A37FF
008#7F9E7FE0830A37FF
001#80727FE7AD9997FF
002#818F7FE7AD9997FF
003#7EE57FE7AD9997FF
004#80608007AD9997FF
005#7DD67FD0C40A37FF
006#7F6C8000FD0A37FF
007#81AD7FE0CC0A37FF
008#7F9E7FE0830A37FF
001#80728007AD9997FF
002#818F7FE7AD9997FF
003#7EE57FE7AD9997FF
004#80607FE7AD9997FF
005#7DD67FE0C40A37FF
006#7F6C8000FD0A37FF
007#81AD7FD0CC0A37FF
008#7F9E8000830A37FF
001#80727FE7AD9997FF
002#818F7FE7AD9997FF
003#7EE57FD7AD9997FF
004#80607FD7AD9997FF
005#7DD87FD0C40A37FF
006#7F6C7FD0FD0A37FF
007#81AF7FE0CC0A37FF
008#7F9E7FE0830A37FF
001#80727FE7AD9997FF
002#818F7FE7AD9997FF
003#7EE57FE7AD9997FF
004#80608007AD9997FF
005#7DD68000C40A37FF
006#7F6C8000FD0A37FF
007#81AF7FE0CC0A37FF
008#7F9E8000830A37FF
001#80727FE7AD9997FF
002#818F7FE7AD9997FF
003#7EE57FE7AD9997FF
004#80607FD7AD9997FF
005#7DD67FE0C40A37FF
006#7F6C7FE0FD0A37FF
007#81AD7FE0CC0A37FF
008#7F9E8000830A37FF
001#80727FD7AD9997FF
002#818F7FE7AD9997FF
003#7EE57FE7AD9997FF
004#80607FE7AD9997FF
005#7DD67FE0C40A37FF
006#7F6C8000FD0A37FF
007#81AD7FD0CC0A37FF
008#7F9E7FE0830A37FF
001#80727FD7AD9997FF
002#818F7FE7AD9997FF
003#7EE57FE7AD9997FF
004#80607FE7AD9997FF
005#7DD67FD0C40A37FF
006#7F6C7FE0FD0A37FF
007#81AF8000CC0A37FF
008#7F9E7FE0830A37FF
001#80727FE7AD9997FF
002#818F7FD7AD9997FF
003#7EE57FE7AD9997FF
004#80607FE7AD9997FF
005#7DD87FE0C40A37FF
006#7F6C7FD0FD0A37FF
007#81AD7FE0CC0A37FF
008#7F9E7FE0830A37FF
001#80727FD7AD9997FF
002#818F7FE7AD9997FF
003#7EE57FE7AD9997FF
004#80607FE7AD9997FF
005#7DD67FD0C40A37FF
006#7F6C7FE0FD0A37FF
007#81AF7FD0CC0A37FF
008#7F9E7FE0830A37FF
001#80727FE7AD9997FF
002#818F7FD7AD9997FF
003#7EE58007AD9997FF
004#80607FE7AD9997FF
005#7DD68000C40A37FF
006#7F6C7FD0FD0A37FF
007#81AD7FE0CC0A37FF
008#7F9E7FE0830A37FF
001#80727FE7AD9997FF
002#818F8007AD9997FF
003#7EE57FD7AD9997FF
004#80607FE7AD9997FF
005#7DD68000C40A37FF
006#7F6C8000FD0A37FF
007#81AD8000CC0A37FF
008#7F9E7FE0830A37FF
001#80727FE7AD9997FF
002#818F7FE7AD9997FF
003#7EE57FE7AD9997FF
004#80607FE7AD9997FF
005#7DD67FD0C40A37FF
006#7F6C7FD0FD0A37FF
007#81AD7FD0CC0A37FF
008#7F9E7FE0830A37FF
001#80727FE7AD9997FF
002#818F7FE7AD9997FF
003#7EE57FE7AD9997FF
004#80607FE7AD9997FF
005#7DD67FE0C40A37FF
006#7F6C7FE0FD0A37FF
007#81AD7FD0CC0A37FF
008#7F9E7FD0830A37FF
001#80727FE7AD9997FF
002#818F7FE7AD9997FF
003#7EE57FE7AD9997FF
004#80607FE7AD9997FF
005#7DD87FE0C40A37FF
006#7F6C7FE0FD0A37FF
007#81AD7FD0CC0A37FF
008#7F9E7FE0830A37FF
001#80727FE7AD9997FF
002#818F7FE7AD9997FF
003#7EE57FE7AD9997FF
004#80607FE7AD9997FF
005#7DD67FE0C40A37FF
006#7F6C8000FD0A37FF
007#81AD7FE0CC0A37FF
008#7F9E7FD0830A37FF
001#80727FE7AD9997FF
002#818F7FE7AD9997FF
003#7EE57FE7AD9997FF
004#80607FE7AD9997FF
005#7DD67FD0C40A37FF
006#7F6C7FD0FD0A37FF
007#81AD7FD0CC0A37FF
008#7F9E7FE0830A37FF
001#80727FE7AD9997FF
002#818F8007AD9997FF
003#7EE57FE7AD9997FF
004#80608007AD9997FF
005#7DD67FD0C40A37FF
006#7F6C7FE0FD0A37FF
007#81AF7FE0CC0A37FF
008#7F9E7FE0830A37FF
001#80727FE7AD9997FF
002#818F7FE7AD9997FF
003#7EE57FE7AD9997FF
004#80607FE7AD9997FF
005#7DD67FE0C40A37FF
006#7F6C7FE0FD0A37FF
007#81AF8000CC0A37FF
008#7F9E8000830A37FF
001#80727FD7AD9997FF
002#818F7FE7AD9997FF
003#7EE57FE7AD9997FF
004#80607FD7AD9997FF
005#7DD87FE0C40A37FF
006#7F6C7FE0FD0A37FF
007#81AF7FE0CC0A37FF
008#7F9E7FD0830A37FF
001#80727FE7AD9997FF
002#818F7FE7AD9997FF
003#7EE58007AD9997FF
004#80607FE7AD9997FF
005#7DD88000C40A37FF
006#7F6C7FE0FD0A37FF
007#81AF8000CC0A37FF
008#7F9E7FD0830A37FF
001#FFFFFFFFFFFFFFFD
002#FFFFFFFFFFFFFFFD
003#FFFFFFFFFFFFFFFD
004#FFFFFFFFFFFFFFFD
005#FFFFFFFFFFFFFFFD
006#FFFFFFFFFFFFFFFD
007#FFFFFFFFFFFFFFFD
008#FFFFFFFFFFFFFFFD